Ultralytics 8.4.175  Python-3.13.9 torch-2.14.1+cu126 CUDA:0 (NVIDIA GeForce MX150, 2048MiB)
[34m[1mengine\trainer: [0magnostic_nms=False, amp=False, angle=1.0, augment=False, auto_augment=randaugment, batch=4, bgr=0.0, box=7.5, cache=ram, cfg=None, channels_last=None, classes=None, close_mosaic=0, cls=0.5, cls_pw=0.0, cls_remap=True, compile=False, conf=None, copy_paste=0.0, copy_paste_mode=flip, cos_lr=True, cutmix=0.0, data=C:\Users\masat\Documents\GitHub\IE7615-Group3-Project1\results\milestone3\sweep\dataset_absolute.yaml, degrees=0.0, deterministic=True, device=0, dfl=1.5, dgrad=0.5, dis=6.0, distill_model=None, dlam=1.0, dlog=1.0, dnn=False, dropout=0.0, dynamic=False, embed=None, epochs=30, erasing=0.4, exist_ok=True, fliplr=0.0, flipud=0.0, format=torchscript, fraction=1.0, freeze=None, hsv_h=0.0, hsv_s=0.0, hsv_v=0.0, imgsz=640, iou=0.7, kobj=1.0, line_width=None, lr0=0.01, lrf=0.01, mask_ratio=4, max_det=300, mixup=0.0, mode=train, model=yolov8n.pt, momentum=0.937, mosaic=0.0, multi_scale=0.0, name=lr_1e-2, nbs=64, nms=None, opset=None, optimize=False, optimizer=AdamW, overlap_mask=True, patience=10, perspective=0.0, plots=False, pose=12.0, pretrained=True, profile=False, project=C:\Users\masat\Documents\GitHub\IE7615-Group3-Project1\results\milestone3\sweep\runs, quantize=None, rect=False, resume=False, retina_masks=False, rle=1.0, save=True, save_conf=False, save_crop=False, save_dir=C:\Users\masat\Documents\GitHub\IE7615-Group3-Project1\results\milestone3\sweep\runs\lr_1e-2, save_frames=False, save_json=False, save_period=-1, save_txt=False, scale=0.0, seed=42, shear=0.0, show=False, show_boxes=True, show_conf=True, show_labels=True, simplify=True, single_cls=False, source=None, split=val, stream_buffer=False, task=detect, time=None, tracker=tracktrack.yaml, translate=0.0, val=True, verbose=True, vid_stride=1, visualize=False, warmup_bias_lr=0.1, warmup_epochs=3, warmup_momentum=0.8, weight_decay=0.0005, workers=0, workspace=None
Overriding model.yaml nc=80 with nc=4

                   from  n    params  module                                       arguments                     
  0                  -1  1       464  ultralytics.nn.modules.conv.Conv             [3, 16, 3, 2]                 
  1                  -1  1      4672  ultralytics.nn.modules.conv.Conv             [16, 32, 3, 2]                
  2                  -1  1      7360  ultralytics.nn.modules.block.C2f             [32, 32, 1, True]             
  3                  -1  1     18560  ultralytics.nn.modules.conv.Conv             [32, 64, 3, 2]                
  4                  -1  2     49664  ultralytics.nn.modules.block.C2f             [64, 64, 2, True]             
  5                  -1  1     73984  ultralytics.nn.modules.conv.Conv             [64, 128, 3, 2]               
  6                  -1  2    197632  ultralytics.nn.modules.block.C2f             [128, 128, 2, True]           
  7                  -1  1    295424  ultralytics.nn.modules.conv.Conv             [128, 256, 3, 2]              
  8                  -1  1    460288  ultralytics.nn.modules.block.C2f             [256, 256, 1, True]           
  9                  -1  1    164608  ultralytics.nn.modules.block.SPPF            [256, 256, 5]                 
 10                  -1  1         0  torch.nn.modules.upsampling.Upsample         [None, 2, 'nearest']          
 11             [-1, 6]  1         0  ultralytics.nn.modules.conv.Concat           [1]                           
 12                  -1  1    148224  ultralytics.nn.modules.block.C2f             [384, 128, 1]                 
 13                  -1  1         0  torch.nn.modules.upsampling.Upsample         [None, 2, 'nearest']          
 14             [-1, 4]  1         0  ultralytics.nn.modules.conv.Concat           [1]                           
 15                  -1  1     37248  ultralytics.nn.modules.block.C2f             [192, 64, 1]                  
 16                  -1  1     36992  ultralytics.nn.modules.conv.Conv             [64, 64, 3, 2]                
 17            [-1, 12]  1         0  ultralytics.nn.modules.conv.Concat           [1]                           
 18                  -1  1    123648  ultralytics.nn.modules.block.C2f             [192, 128, 1]                 
 19                  -1  1    147712  ultralytics.nn.modules.conv.Conv             [128, 128, 3, 2]              
 20             [-1, 9]  1         0  ultralytics.nn.modules.conv.Concat           [1]                           
 21                  -1  1    493056  ultralytics.nn.modules.block.C2f             [384, 256, 1]                 
 22        [15, 18, 21]  1    752092  ultralytics.nn.modules.head.Detect           [4, 16, None, [64, 128, 256]] 
Model summary: 129 layers, 3,011,628 parameters, 3,011,612 gradients, 8.2 GFLOPs

Transferred 349/355 items from pretrained weights
Freezing layer 'model.22.dfl.conv.weight'
[34m[1mtrain: [0mFast image access  (ping: 0.10.1 ms, read: 126.949.9 MB/s, size: 80.4 KB)

[34m[1mtrain: [0mScanning C:\Users\masat\Documents\GitHub\IE7615-Group3-Project1\data\detection\labels\train.cache... 600 images, 0 backgrounds, 0 corrupt: 100% ━━━━━━━━━━━━ 600/600 66.2Mit/s 0.0s
WARNING cache='ram' may produce non-deterministic training results. Consider cache='disk' as a deterministic alternative if your disk space allows.

[34m[1mtrain: [0mCaching images (0.7GB RAM): 100% ━━━━━━━━━━━━ 600/600 671.5it/s 0.9s
[34m[1mval: [0mFast image access  (ping: 0.10.0 ms, read: 77.932.4 MB/s, size: 92.8 KB)

[34m[1mval: [0mScanning C:\Users\masat\Documents\GitHub\IE7615-Group3-Project1\data\detection\labels\val.cache... 200 images, 0 backgrounds, 0 corrupt: 100% ━━━━━━━━━━━━ 200/200 38.1Mit/s 0.0s
WARNING cache='ram' may produce non-deterministic training results. Consider cache='disk' as a deterministic alternative if your disk space allows.

[34m[1mval: [0mCaching images (0.2GB RAM): 100% ━━━━━━━━━━━━ 200/200 614.1it/s 0.3s
[34m[1moptimizer:[0m AdamW(lr=0.01, momentum=0.937) with parameter groups 57 weight(decay=0.0), 64 weight(decay=0.0005), 63 bias(decay=0.0)
Using 600 train, 200 val images for fraction=1.0 at imgsz=640
Using 0 dataloader workers
Logging results to [1mC:\Users\masat\Documents\GitHub\IE7615-Group3-Project1\results\milestone3\sweep\runs\lr_1e-2[0m
Starting training for 30 epochs...

      Epoch    GPU_mem   box_loss   cls_loss   dfl_loss  Instances       Size

       1/30      1.05G     0.7806      1.709      1.302         10        640: 100% ━━━━━━━━━━━━ 150/150 2.0it/s 1:14

                 Class     Images  Instances      Box(P          R      mAP50  mAP50-95): 100% ━━━━━━━━━━━━ 25/25 4.0it/s 6.3s
                   all        200        564      0.234       0.24      0.184      0.142

      Epoch    GPU_mem   box_loss   cls_loss   dfl_loss  Instances       Size

       2/30      1.05G      0.721      1.089      1.269         13        640: 100% ━━━━━━━━━━━━ 150/150 2.1it/s 1:12

                 Class     Images  Instances      Box(P          R      mAP50  mAP50-95): 100% ━━━━━━━━━━━━ 25/25 3.9it/s 6.4s
                   all        200        564      0.227      0.398      0.286      0.222

      Epoch    GPU_mem   box_loss   cls_loss   dfl_loss  Instances       Size

       3/30      1.05G     0.6948     0.9109      1.231          9        640: 100% ━━━━━━━━━━━━ 150/150 2.0it/s 1:13

                 Class     Images  Instances      Box(P          R      mAP50  mAP50-95): 100% ━━━━━━━━━━━━ 25/25 4.0it/s 6.2s
                   all        200        564      0.555      0.467      0.426       0.32

      Epoch    GPU_mem   box_loss   cls_loss   dfl_loss  Instances       Size

       4/30      1.05G     0.6882     0.8421      1.228         14        640: 100% ━━━━━━━━━━━━ 150/150 2.1it/s 1:11

                 Class     Images  Instances      Box(P          R      mAP50  mAP50-95): 100% ━━━━━━━━━━━━ 25/25 4.0it/s 6.2s
                   all        200        564      0.466      0.504      0.427      0.357

      Epoch    GPU_mem   box_loss   cls_loss   dfl_loss  Instances       Size

       5/30      1.05G     0.5823      0.712      1.136         11        640: 100% ━━━━━━━━━━━━ 150/150 1.4it/s 1:49

                 Class     Images  Instances      Box(P          R      mAP50  mAP50-95): 100% ━━━━━━━━━━━━ 25/25 2.0it/s 12.3s
                   all        200        564      0.667       0.52      0.645      0.508

      Epoch    GPU_mem   box_loss   cls_loss   dfl_loss  Instances       Size

       6/30      1.05G     0.5318     0.6186      1.088         10        640: 100% ━━━━━━━━━━━━ 150/150 1.6it/s 1:36

                 Class     Images  Instances      Box(P          R      mAP50  mAP50-95): 100% ━━━━━━━━━━━━ 25/25 3.9it/s 6.4s
                   all        200        564      0.757      0.724      0.798       0.67

      Epoch    GPU_mem   box_loss   cls_loss   dfl_loss  Instances       Size

       7/30      1.05G     0.4914     0.5245      1.061         11        640: 100% ━━━━━━━━━━━━ 150/150 2.0it/s 1:14

                 Class     Images  Instances      Box(P          R      mAP50  mAP50-95): 100% ━━━━━━━━━━━━ 25/25 2.8it/s 8.9s
                   all        200        564       0.69      0.718      0.714      0.611

      Epoch    GPU_mem   box_loss   cls_loss   dfl_loss  Instances       Size

       8/30      1.05G     0.4653     0.5012      1.038         14        640: 100% ━━━━━━━━━━━━ 150/150 2.0it/s 1:14

                 Class     Images  Instances      Box(P          R      mAP50  mAP50-95): 100% ━━━━━━━━━━━━ 25/25 3.4it/s 7.3s
                   all        200        564      0.845      0.801      0.884      0.756

      Epoch    GPU_mem   box_loss   cls_loss   dfl_loss  Instances       Size

       9/30      1.05G     0.4397     0.4497      1.007         10        640: 100% ━━━━━━━━━━━━ 150/150 1.7it/s 1:30

                 Class     Images  Instances      Box(P          R      mAP50  mAP50-95): 100% ━━━━━━━━━━━━ 25/25 2.6it/s 9.6s
                   all        200        564      0.761      0.742      0.751      0.654

      Epoch    GPU_mem   box_loss   cls_loss   dfl_loss  Instances       Size

      10/30      1.05G      0.407     0.4186     0.9803          7        640: 100% ━━━━━━━━━━━━ 150/150 1.2it/s 2:06

                 Class     Images  Instances      Box(P          R      mAP50  mAP50-95): 100% ━━━━━━━━━━━━ 25/25 2.5it/s 9.9s
                   all        200        564      0.784      0.797      0.831      0.726

      Epoch    GPU_mem   box_loss   cls_loss   dfl_loss  Instances       Size

      11/30      1.05G     0.3753     0.3797     0.9595         10        640: 100% ━━━━━━━━━━━━ 150/150 2.0it/s 1:14

                 Class     Images  Instances      Box(P          R      mAP50  mAP50-95): 100% ━━━━━━━━━━━━ 25/25 4.1it/s 6.2s
                   all        200        564       0.86      0.791       0.89      0.776

      Epoch    GPU_mem   box_loss   cls_loss   dfl_loss  Instances       Size

      12/30      1.05G     0.3887     0.3532     0.9682         10        640: 100% ━━━━━━━━━━━━ 150/150 2.0it/s 1:14

                 Class     Images  Instances      Box(P          R      mAP50  mAP50-95): 100% ━━━━━━━━━━━━ 25/25 3.2it/s 7.9s
                   all        200        564      0.853      0.839      0.881      0.776

      Epoch    GPU_mem   box_loss   cls_loss   dfl_loss  Instances       Size

      13/30      1.05G     0.3531      0.323     0.9354         12        640: 100% ━━━━━━━━━━━━ 150/150 1.8it/s 1:24

                 Class     Images  Instances      Box(P          R      mAP50  mAP50-95): 100% ━━━━━━━━━━━━ 25/25 2.5it/s 10.1s
                   all        200        564      0.884      0.842      0.924      0.831

      Epoch    GPU_mem   box_loss   cls_loss   dfl_loss  Instances       Size

      14/30      1.05G     0.3337        0.3     0.9257         11        640: 100% ━━━━━━━━━━━━ 150/150 1.9it/s 1:19

                 Class     Images  Instances      Box(P          R      mAP50  mAP50-95): 100% ━━━━━━━━━━━━ 25/25 3.2it/s 7.8s
                   all        200        564       0.88      0.871      0.932      0.835

      Epoch    GPU_mem   box_loss   cls_loss   dfl_loss  Instances       Size

      15/30      1.05G     0.3076      0.294     0.9057         10        640: 100% ━━━━━━━━━━━━ 150/150 1.8it/s 1:21

                 Class     Images  Instances      Box(P          R      mAP50  mAP50-95): 100% ━━━━━━━━━━━━ 25/25 2.1it/s 12.0s
                   all        200        564      0.852       0.83      0.907      0.813

      Epoch    GPU_mem   box_loss   cls_loss   dfl_loss  Instances       Size

      16/30      1.05G     0.2794     0.2737      0.886         13        640: 100% ━━━━━━━━━━━━ 150/150 1.2it/s 2:04

                 Class     Images  Instances      Box(P          R      mAP50  mAP50-95): 100% ━━━━━━━━━━━━ 25/25 3.5it/s 7.1s
                   all        200        564      0.882       0.81      0.885      0.799

      Epoch    GPU_mem   box_loss   cls_loss   dfl_loss  Instances       Size

      17/30      1.05G     0.2612     0.2617      0.875         12        640: 100% ━━━━━━━━━━━━ 150/150 2.0it/s 1:14

                 Class     Images  Instances      Box(P          R      mAP50  mAP50-95): 100% ━━━━━━━━━━━━ 25/25 4.1it/s 6.2s
                   all        200        564      0.859      0.816      0.889      0.804

      Epoch    GPU_mem   box_loss   cls_loss   dfl_loss  Instances       Size

      18/30      1.05G     0.2554     0.2436     0.8737         10        640: 100% ━━━━━━━━━━━━ 150/150 2.0it/s 1:14

                 Class     Images  Instances      Box(P          R      mAP50  mAP50-95): 100% ━━━━━━━━━━━━ 25/25 4.0it/s 6.2s
                   all        200        564      0.806      0.818      0.832       0.75

      Epoch    GPU_mem   box_loss   cls_loss   dfl_loss  Instances       Size

      19/30      1.05G     0.2425     0.2267     0.8606         13        640: 100% ━━━━━━━━━━━━ 150/150 2.0it/s 1:14

                 Class     Images  Instances      Box(P          R      mAP50  mAP50-95): 100% ━━━━━━━━━━━━ 25/25 3.5it/s 7.1s
                   all        200        564      0.882      0.839      0.912      0.832

      Epoch    GPU_mem   box_loss   cls_loss   dfl_loss  Instances       Size

      20/30      1.05G     0.2222     0.2063     0.8498         12        640: 100% ━━━━━━━━━━━━ 150/150 1.3it/s 1:52

                 Class     Images  Instances      Box(P          R      mAP50  mAP50-95): 100% ━━━━━━━━━━━━ 25/25 2.2it/s 11.5s
                   all        200        564      0.863      0.823       0.89       0.81

      Epoch    GPU_mem   box_loss   cls_loss   dfl_loss  Instances       Size

      21/30      1.05G     0.2018     0.1943     0.8411         13        640: 100% ━━━━━━━━━━━━ 150/150 1.4it/s 1:44

                 Class     Images  Instances      Box(P          R      mAP50  mAP50-95): 100% ━━━━━━━━━━━━ 25/25 3.9it/s 6.4s
                   all        200        564      0.909      0.861      0.918       0.85

      Epoch    GPU_mem   box_loss   cls_loss   dfl_loss  Instances       Size

      22/30      1.05G     0.1821     0.1805     0.8306         12        640: 100% ━━━━━━━━━━━━ 150/150 2.0it/s 1:13

                 Class     Images  Instances      Box(P          R      mAP50  mAP50-95): 100% ━━━━━━━━━━━━ 25/25 4.0it/s 6.3s
                   all        200        564       0.89       0.88      0.913       0.85

      Epoch    GPU_mem   box_loss   cls_loss   dfl_loss  Instances       Size

      23/30      1.05G      0.169     0.1675     0.8234         11        640: 100% ━━━━━━━━━━━━ 150/150 2.0it/s 1:14

                 Class     Images  Instances      Box(P          R      mAP50  mAP50-95): 100% ━━━━━━━━━━━━ 25/25 3.8it/s 6.6s
                   all        200        564      0.882      0.871      0.919      0.857

      Epoch    GPU_mem   box_loss   cls_loss   dfl_loss  Instances       Size

      24/30      1.05G      0.157     0.1593     0.8177         13        640: 100% ━━━━━━━━━━━━ 150/150 1.6it/s 1:35

                 Class     Images  Instances      Box(P          R      mAP50  mAP50-95): 100% ━━━━━━━━━━━━ 25/25 2.6it/s 9.5s
                   all        200        564       0.88      0.888      0.923      0.862

      Epoch    GPU_mem   box_loss   cls_loss   dfl_loss  Instances       Size

      25/30      1.05G     0.1445     0.1492     0.8132          7        640: 100% ━━━━━━━━━━━━ 150/150 1.2it/s 2:00

                 Class     Images  Instances      Box(P          R      mAP50  mAP50-95): 100% ━━━━━━━━━━━━ 25/25 4.0it/s 6.3s
                   all        200        564      0.901      0.861      0.919      0.852

      Epoch    GPU_mem   box_loss   cls_loss   dfl_loss  Instances       Size

      26/30      1.05G     0.1337     0.1414     0.8086         10        640: 100% ━━━━━━━━━━━━ 150/150 2.1it/s 1:12

                 Class     Images  Instances      Box(P          R      mAP50  mAP50-95): 100% ━━━━━━━━━━━━ 25/25 4.0it/s 6.3s
                   all        200        564      0.891      0.872      0.921       0.86

      Epoch    GPU_mem   box_loss   cls_loss   dfl_loss  Instances       Size

      27/30      1.05G     0.1289     0.1374     0.8064          9        640: 100% ━━━━━━━━━━━━ 150/150 2.1it/s 1:12

                 Class     Images  Instances      Box(P          R      mAP50  mAP50-95): 100% ━━━━━━━━━━━━ 25/25 4.0it/s 6.2s
                   all        200        564      0.902      0.864      0.923      0.859

      Epoch    GPU_mem   box_loss   cls_loss   dfl_loss  Instances       Size

      28/30      1.05G     0.1214     0.1315     0.8046         11        640: 100% ━━━━━━━━━━━━ 150/150 2.1it/s 1:13

                 Class     Images  Instances      Box(P          R      mAP50  mAP50-95): 100% ━━━━━━━━━━━━ 25/25 4.0it/s 6.2s
                   all        200        564      0.897      0.859      0.921      0.857

      Epoch    GPU_mem   box_loss   cls_loss   dfl_loss  Instances       Size

      29/30      1.05G     0.1155     0.1277     0.8024         13        640: 100% ━━━━━━━━━━━━ 150/150 1.4it/s 1:49

                 Class     Images  Instances      Box(P          R      mAP50  mAP50-95): 100% ━━━━━━━━━━━━ 25/25 2.6it/s 9.7s
                   all        200        564      0.892      0.864      0.918      0.855

      Epoch    GPU_mem   box_loss   cls_loss   dfl_loss  Instances       Size

      30/30      1.05G      0.113     0.1253      0.802         11        640: 100% ━━━━━━━━━━━━ 150/150 1.4it/s 1:48

                 Class     Images  Instances      Box(P          R      mAP50  mAP50-95): 100% ━━━━━━━━━━━━ 25/25 3.8it/s 6.6s
                   all        200        564      0.894      0.863      0.918      0.851

30 epochs completed in 0.796 hours.
Optimizer stripped from C:\Users\masat\Documents\GitHub\IE7615-Group3-Project1\results\milestone3\sweep\runs\lr_1e-2\weights\last.pt, 6.5MB
Optimizer stripped from C:\Users\masat\Documents\GitHub\IE7615-Group3-Project1\results\milestone3\sweep\runs\lr_1e-2\weights\best.pt, 6.5MB

Validating C:\Users\masat\Documents\GitHub\IE7615-Group3-Project1\results\milestone3\sweep\runs\lr_1e-2\weights\best.pt...
Ultralytics 8.4.175  Python-3.13.9 torch-2.14.1+cu126 CUDA:0 (NVIDIA GeForce MX150, 2048MiB)
Model summary (fused): 73 layers, 3,133,436 parameters, 0 gradients, 8.6 GFLOPs

                 Class     Images  Instances      Box(P          R      mAP50  mAP50-95): 100% ━━━━━━━━━━━━ 25/25 4.3it/s 5.8s
                   all        200        564       0.88      0.887      0.923      0.862
               id_2336        131        131      0.955      0.967      0.987      0.924
               id_2970        145        145       0.95      0.782      0.904      0.828
               id_4422        140        140      0.786      0.936      0.924      0.878
               id_7007        148        148      0.831      0.865      0.875      0.819
Speed: 1.0ms preprocess, 21.0ms inference, 0.0ms loss, 1.7ms postprocess per image
