Ultralytics 8.4.175  Python-3.13.9 torch-2.14.1+cu126 CUDA:0 (NVIDIA GeForce MX150, 2048MiB)
[34m[1mengine\trainer: [0magnostic_nms=False, amp=False, angle=1.0, augment=False, auto_augment=randaugment, batch=4, bgr=0.0, box=7.5, cache=ram, cfg=None, channels_last=None, classes=None, close_mosaic=0, cls=0.5, cls_pw=0.0, cls_remap=True, compile=False, conf=None, copy_paste=0.0, copy_paste_mode=flip, cos_lr=True, cutmix=0.0, data=C:\Users\masat\Documents\GitHub\IE7615-Group3-Project1\results\milestone3\sweep\dataset_absolute.yaml, degrees=0.0, deterministic=True, device=0, dfl=1.5, dgrad=0.5, dis=6.0, distill_model=None, dlam=1.0, dlog=1.0, dnn=False, dropout=0.0, dynamic=False, embed=None, epochs=30, erasing=0.4, exist_ok=True, fliplr=0.0, flipud=0.0, format=torchscript, fraction=1.0, freeze=None, hsv_h=0.0, hsv_s=0.0, hsv_v=0.0, imgsz=640, iou=0.7, kobj=1.0, line_width=None, lr0=0.001, lrf=0.01, mask_ratio=4, max_det=300, mixup=0.0, mode=train, model=yolov8n.pt, momentum=0.937, mosaic=0.0, multi_scale=0.0, name=baseline, nbs=64, nms=None, opset=None, optimize=False, optimizer=AdamW, overlap_mask=True, patience=10, perspective=0.0, plots=False, pose=12.0, pretrained=True, profile=False, project=C:\Users\masat\Documents\GitHub\IE7615-Group3-Project1\results\milestone3\sweep\runs, quantize=None, rect=False, resume=False, retina_masks=False, rle=1.0, save=True, save_conf=False, save_crop=False, save_dir=C:\Users\masat\Documents\GitHub\IE7615-Group3-Project1\results\milestone3\sweep\runs\baseline, save_frames=False, save_json=False, save_period=-1, save_txt=False, scale=0.0, seed=42, shear=0.0, show=False, show_boxes=True, show_conf=True, show_labels=True, simplify=True, single_cls=False, source=None, split=val, stream_buffer=False, task=detect, time=None, tracker=tracktrack.yaml, translate=0.0, val=True, verbose=True, vid_stride=1, visualize=False, warmup_bias_lr=0.1, warmup_epochs=3, warmup_momentum=0.8, weight_decay=0.0005, workers=0, workspace=None
Overriding model.yaml nc=80 with nc=4

                   from  n    params  module                                       arguments                     
  0                  -1  1       464  ultralytics.nn.modules.conv.Conv             [3, 16, 3, 2]                 
  1                  -1  1      4672  ultralytics.nn.modules.conv.Conv             [16, 32, 3, 2]                
  2                  -1  1      7360  ultralytics.nn.modules.block.C2f             [32, 32, 1, True]             
  3                  -1  1     18560  ultralytics.nn.modules.conv.Conv             [32, 64, 3, 2]                
  4                  -1  2     49664  ultralytics.nn.modules.block.C2f             [64, 64, 2, True]             
  5                  -1  1     73984  ultralytics.nn.modules.conv.Conv             [64, 128, 3, 2]               
  6                  -1  2    197632  ultralytics.nn.modules.block.C2f             [128, 128, 2, True]           
  7                  -1  1    295424  ultralytics.nn.modules.conv.Conv             [128, 256, 3, 2]              
  8                  -1  1    460288  ultralytics.nn.modules.block.C2f             [256, 256, 1, True]           
  9                  -1  1    164608  ultralytics.nn.modules.block.SPPF            [256, 256, 5]                 
 10                  -1  1         0  torch.nn.modules.upsampling.Upsample         [None, 2, 'nearest']          
 11             [-1, 6]  1         0  ultralytics.nn.modules.conv.Concat           [1]                           
 12                  -1  1    148224  ultralytics.nn.modules.block.C2f             [384, 128, 1]                 
 13                  -1  1         0  torch.nn.modules.upsampling.Upsample         [None, 2, 'nearest']          
 14             [-1, 4]  1         0  ultralytics.nn.modules.conv.Concat           [1]                           
 15                  -1  1     37248  ultralytics.nn.modules.block.C2f             [192, 64, 1]                  
 16                  -1  1     36992  ultralytics.nn.modules.conv.Conv             [64, 64, 3, 2]                
 17            [-1, 12]  1         0  ultralytics.nn.modules.conv.Concat           [1]                           
 18                  -1  1    123648  ultralytics.nn.modules.block.C2f             [192, 128, 1]                 
 19                  -1  1    147712  ultralytics.nn.modules.conv.Conv             [128, 128, 3, 2]              
 20             [-1, 9]  1         0  ultralytics.nn.modules.conv.Concat           [1]                           
 21                  -1  1    493056  ultralytics.nn.modules.block.C2f             [384, 256, 1]                 
 22        [15, 18, 21]  1    752092  ultralytics.nn.modules.head.Detect           [4, 16, None, [64, 128, 256]] 
Model summary: 129 layers, 3,011,628 parameters, 3,011,612 gradients, 8.2 GFLOPs

Transferred 349/355 items from pretrained weights
Freezing layer 'model.22.dfl.conv.weight'
[34m[1mtrain: [0mFast image access  (ping: 0.10.0 ms, read: 201.425.4 MB/s, size: 80.4 KB)

[34m[1mtrain: [0mScanning C:\Users\masat\Documents\GitHub\IE7615-Group3-Project1\data\detection\labels\train... 600 images, 0 backgrounds, 0 corrupt: 100% ━━━━━━━━━━━━ 600/600 1.4Kit/s 0.4s
[34m[1mtrain: [0mNew cache created: C:\Users\masat\Documents\GitHub\IE7615-Group3-Project1\data\detection\labels\train.cache
WARNING cache='ram' may produce non-deterministic training results. Consider cache='disk' as a deterministic alternative if your disk space allows.

[34m[1mtrain: [0mCaching images (0.7GB RAM): 100% ━━━━━━━━━━━━ 600/600 1.1Kit/s 0.6s
[34m[1mval: [0mFast image access  (ping: 0.10.0 ms, read: 154.176.9 MB/s, size: 92.8 KB)

[34m[1mval: [0mScanning C:\Users\masat\Documents\GitHub\IE7615-Group3-Project1\data\detection\labels\val.cache... 200 images, 0 backgrounds, 0 corrupt: 100% ━━━━━━━━━━━━ 200/200 64.5Mit/s 0.0s
WARNING cache='ram' may produce non-deterministic training results. Consider cache='disk' as a deterministic alternative if your disk space allows.

[34m[1mval: [0mCaching images (0.2GB RAM): 100% ━━━━━━━━━━━━ 200/200 845.3it/s 0.2s
[34m[1moptimizer:[0m AdamW(lr=0.001, momentum=0.937) with parameter groups 57 weight(decay=0.0), 64 weight(decay=0.0005), 63 bias(decay=0.0)
Using 600 train, 200 val images for fraction=1.0 at imgsz=640
Using 0 dataloader workers
Logging results to [1mC:\Users\masat\Documents\GitHub\IE7615-Group3-Project1\results\milestone3\sweep\runs\baseline[0m
Starting training for 30 epochs...

      Epoch    GPU_mem   box_loss   cls_loss   dfl_loss  Instances       Size

       1/30      1.05G     0.6233      1.664      1.101         10        640: 100% ━━━━━━━━━━━━ 150/150 2.0it/s 1:14

                 Class     Images  Instances      Box(P          R      mAP50  mAP50-95): 100% ━━━━━━━━━━━━ 25/25 1.8it/s 14.2s
                   all        200        564      0.393      0.694      0.463      0.398

      Epoch    GPU_mem   box_loss   cls_loss   dfl_loss  Instances       Size

       2/30      1.05G     0.4845      0.879      1.014         13        640: 100% ━━━━━━━━━━━━ 150/150 2.0it/s 1:13

                 Class     Images  Instances      Box(P          R      mAP50  mAP50-95): 100% ━━━━━━━━━━━━ 25/25 3.9it/s 6.4s
                   all        200        564      0.621      0.728      0.702      0.614

      Epoch    GPU_mem   box_loss   cls_loss   dfl_loss  Instances       Size

       3/30      1.05G     0.4167     0.5869     0.9477          9        640: 100% ━━━━━━━━━━━━ 150/150 2.0it/s 1:16

                 Class     Images  Instances      Box(P          R      mAP50  mAP50-95): 100% ━━━━━━━━━━━━ 25/25 3.3it/s 7.6s
                   all        200        564      0.844      0.773      0.882      0.786

      Epoch    GPU_mem   box_loss   cls_loss   dfl_loss  Instances       Size

       4/30      1.05G     0.3656     0.4754     0.9133         14        640: 100% ━━━━━━━━━━━━ 150/150 1.4it/s 1:44

                 Class     Images  Instances      Box(P          R      mAP50  mAP50-95): 100% ━━━━━━━━━━━━ 25/25 2.2it/s 11.3s
                   all        200        564      0.775      0.759      0.842      0.756

      Epoch    GPU_mem   box_loss   cls_loss   dfl_loss  Instances       Size

       5/30      1.05G     0.3407     0.4042     0.8931         11        640: 100% ━━━━━━━━━━━━ 150/150 1.7it/s 1:28

                 Class     Images  Instances      Box(P          R      mAP50  mAP50-95): 100% ━━━━━━━━━━━━ 25/25 4.0it/s 6.3s
                   all        200        564      0.817       0.85      0.902      0.819

      Epoch    GPU_mem   box_loss   cls_loss   dfl_loss  Instances       Size

       6/30      1.05G     0.3232     0.3563     0.8836         10        640: 100% ━━━━━━━━━━━━ 150/150 2.1it/s 1:13

                 Class     Images  Instances      Box(P          R      mAP50  mAP50-95): 100% ━━━━━━━━━━━━ 25/25 4.0it/s 6.2s
                   all        200        564      0.864      0.847      0.921       0.84

      Epoch    GPU_mem   box_loss   cls_loss   dfl_loss  Instances       Size

       7/30      1.05G      0.302     0.3309      0.871         11        640: 100% ━━━━━━━━━━━━ 150/150 1.8it/s 1:22

                 Class     Images  Instances      Box(P          R      mAP50  mAP50-95): 100% ━━━━━━━━━━━━ 25/25 2.6it/s 9.6s
                   all        200        564      0.883      0.796      0.919       0.85

      Epoch    GPU_mem   box_loss   cls_loss   dfl_loss  Instances       Size

       8/30      1.05G     0.2821      0.315     0.8537         14        640: 100% ━━━━━━━━━━━━ 150/150 1.2it/s 2:06

                 Class     Images  Instances      Box(P          R      mAP50  mAP50-95): 100% ━━━━━━━━━━━━ 25/25 2.9it/s 8.7s
                   all        200        564      0.924      0.835       0.93      0.864

      Epoch    GPU_mem   box_loss   cls_loss   dfl_loss  Instances       Size

       9/30      1.05G     0.2464     0.2766     0.8416         10        640: 100% ━━━━━━━━━━━━ 150/150 2.0it/s 1:14

                 Class     Images  Instances      Box(P          R      mAP50  mAP50-95): 100% ━━━━━━━━━━━━ 25/25 3.7it/s 6.7s
                   all        200        564      0.895      0.883      0.938      0.874

      Epoch    GPU_mem   box_loss   cls_loss   dfl_loss  Instances       Size

      10/30      1.05G      0.231     0.2561     0.8315          7        640: 100% ━━━━━━━━━━━━ 150/150 2.0it/s 1:14

                 Class     Images  Instances      Box(P          R      mAP50  mAP50-95): 100% ━━━━━━━━━━━━ 25/25 3.6it/s 7.0s
                   all        200        564      0.879      0.876      0.922      0.865

      Epoch    GPU_mem   box_loss   cls_loss   dfl_loss  Instances       Size

      11/30      1.05G     0.2148     0.2406     0.8239         10        640: 100% ━━━━━━━━━━━━ 150/150 1.9it/s 1:21

                 Class     Images  Instances      Box(P          R      mAP50  mAP50-95): 100% ━━━━━━━━━━━━ 25/25 2.8it/s 9.0s
                   all        200        564      0.884      0.851       0.91      0.859

      Epoch    GPU_mem   box_loss   cls_loss   dfl_loss  Instances       Size

      12/30      1.05G     0.2034     0.2264     0.8204         10        640: 100% ━━━━━━━━━━━━ 150/150 1.2it/s 2:07

                 Class     Images  Instances      Box(P          R      mAP50  mAP50-95): 100% ━━━━━━━━━━━━ 25/25 2.3it/s 10.7s
                   all        200        564      0.886      0.884      0.955      0.895

      Epoch    GPU_mem   box_loss   cls_loss   dfl_loss  Instances       Size

      13/30      1.05G     0.1985     0.2144     0.8145         12        640: 100% ━━━━━━━━━━━━ 150/150 2.0it/s 1:17

                 Class     Images  Instances      Box(P          R      mAP50  mAP50-95): 100% ━━━━━━━━━━━━ 25/25 4.0it/s 6.3s
                   all        200        564      0.912      0.874      0.954      0.898

      Epoch    GPU_mem   box_loss   cls_loss   dfl_loss  Instances       Size

      14/30      1.05G     0.1761     0.1974     0.8047         11        640: 100% ━━━━━━━━━━━━ 150/150 2.1it/s 1:12

                 Class     Images  Instances      Box(P          R      mAP50  mAP50-95): 100% ━━━━━━━━━━━━ 25/25 4.0it/s 6.2s
                   all        200        564      0.924      0.832      0.941      0.885

      Epoch    GPU_mem   box_loss   cls_loss   dfl_loss  Instances       Size

      15/30      1.05G     0.1674     0.1849     0.8021         10        640: 100% ━━━━━━━━━━━━ 150/150 1.8it/s 1:23

                 Class     Images  Instances      Box(P          R      mAP50  mAP50-95): 100% ━━━━━━━━━━━━ 25/25 2.9it/s 8.6s
                   all        200        564      0.933      0.863      0.954      0.905

      Epoch    GPU_mem   box_loss   cls_loss   dfl_loss  Instances       Size

      16/30      1.05G     0.1545     0.1793     0.7974         13        640: 100% ━━━━━━━━━━━━ 150/150 1.2it/s 2:06

                 Class     Images  Instances      Box(P          R      mAP50  mAP50-95): 100% ━━━━━━━━━━━━ 25/25 2.0it/s 12.3s
                   all        200        564      0.892      0.907       0.95      0.894

      Epoch    GPU_mem   box_loss   cls_loss   dfl_loss  Instances       Size

      17/30      1.05G     0.1414     0.1653      0.792         12        640: 100% ━━━━━━━━━━━━ 150/150 1.7it/s 1:30

                 Class     Images  Instances      Box(P          R      mAP50  mAP50-95): 100% ━━━━━━━━━━━━ 25/25 3.7it/s 6.7s
                   all        200        564      0.911      0.842      0.947      0.894

      Epoch    GPU_mem   box_loss   cls_loss   dfl_loss  Instances       Size

      18/30      1.05G     0.1342     0.1545     0.7896         10        640: 100% ━━━━━━━━━━━━ 150/150 2.0it/s 1:14

                 Class     Images  Instances      Box(P          R      mAP50  mAP50-95): 100% ━━━━━━━━━━━━ 25/25 3.6it/s 6.9s
                   all        200        564      0.906      0.888      0.944      0.892

      Epoch    GPU_mem   box_loss   cls_loss   dfl_loss  Instances       Size

      19/30      1.05G     0.1281     0.1471     0.7888         13        640: 100% ━━━━━━━━━━━━ 150/150 2.0it/s 1:16

                 Class     Images  Instances      Box(P          R      mAP50  mAP50-95): 100% ━━━━━━━━━━━━ 25/25 3.5it/s 7.2s
                   all        200        564      0.923      0.868      0.948      0.896

      Epoch    GPU_mem   box_loss   cls_loss   dfl_loss  Instances       Size

      20/30      1.05G     0.1188     0.1351     0.7865         12        640: 100% ━━━━━━━━━━━━ 150/150 1.4it/s 1:49

                 Class     Images  Instances      Box(P          R      mAP50  mAP50-95): 100% ━━━━━━━━━━━━ 25/25 1.9it/s 13.1s
                   all        200        564       0.93      0.845      0.953      0.904

      Epoch    GPU_mem   box_loss   cls_loss   dfl_loss  Instances       Size

      21/30      1.05G     0.1116     0.1304     0.7834         13        640: 100% ━━━━━━━━━━━━ 150/150 1.4it/s 1:44

                 Class     Images  Instances      Box(P          R      mAP50  mAP50-95): 100% ━━━━━━━━━━━━ 25/25 3.2it/s 7.8s
                   all        200        564      0.898      0.875      0.952      0.902

      Epoch    GPU_mem   box_loss   cls_loss   dfl_loss  Instances       Size

      22/30      1.05G     0.1039     0.1224     0.7809         12        640: 100% ━━━━━━━━━━━━ 150/150 2.0it/s 1:17

                 Class     Images  Instances      Box(P          R      mAP50  mAP50-95): 100% ━━━━━━━━━━━━ 25/25 2.9it/s 8.6s
                   all        200        564      0.882      0.896      0.949        0.9

      Epoch    GPU_mem   box_loss   cls_loss   dfl_loss  Instances       Size

      23/30      1.05G    0.09586     0.1146     0.7801         11        640: 100% ━━━━━━━━━━━━ 150/150 2.0it/s 1:17

                 Class     Images  Instances      Box(P          R      mAP50  mAP50-95): 100% ━━━━━━━━━━━━ 25/25 3.5it/s 7.2s
                   all        200        564      0.903      0.872      0.951      0.902

      Epoch    GPU_mem   box_loss   cls_loss   dfl_loss  Instances       Size

      24/30      1.05G    0.09159     0.1107     0.7782         13        640: 100% ━━━━━━━━━━━━ 150/150 1.8it/s 1:22

                 Class     Images  Instances      Box(P          R      mAP50  mAP50-95): 100% ━━━━━━━━━━━━ 25/25 2.1it/s 11.7s
                   all        200        564      0.889      0.887      0.952      0.902

      Epoch    GPU_mem   box_loss   cls_loss   dfl_loss  Instances       Size

      25/30      1.05G    0.08734     0.1045     0.7779          7        640: 100% ━━━━━━━━━━━━ 150/150 1.2it/s 2:06

                 Class     Images  Instances      Box(P          R      mAP50  mAP50-95): 100% ━━━━━━━━━━━━ 25/25 2.3it/s 11.0s
                   all        200        564      0.892      0.896      0.956      0.906

      Epoch    GPU_mem   box_loss   cls_loss   dfl_loss  Instances       Size

      26/30      1.05G    0.08182     0.1006     0.7772         10        640: 100% ━━━━━━━━━━━━ 150/150 1.7it/s 1:26

                 Class     Images  Instances      Box(P          R      mAP50  mAP50-95): 100% ━━━━━━━━━━━━ 25/25 3.9it/s 6.4s
                   all        200        564      0.924      0.888      0.959      0.909

      Epoch    GPU_mem   box_loss   cls_loss   dfl_loss  Instances       Size

      27/30      1.05G    0.08072    0.09754     0.7767          9        640: 100% ━━━━━━━━━━━━ 150/150 2.1it/s 1:13

                 Class     Images  Instances      Box(P          R      mAP50  mAP50-95): 100% ━━━━━━━━━━━━ 25/25 4.0it/s 6.3s
                   all        200        564      0.933      0.884       0.96      0.911

      Epoch    GPU_mem   box_loss   cls_loss   dfl_loss  Instances       Size

      28/30      1.05G    0.07829    0.09508     0.7763         11        640: 100% ━━━━━━━━━━━━ 150/150 2.1it/s 1:13

                 Class     Images  Instances      Box(P          R      mAP50  mAP50-95): 100% ━━━━━━━━━━━━ 25/25 4.0it/s 6.3s
                   all        200        564      0.929      0.885      0.962      0.914

      Epoch    GPU_mem   box_loss   cls_loss   dfl_loss  Instances       Size

      29/30      1.05G    0.07389    0.09276      0.776         13        640: 100% ━━━━━━━━━━━━ 150/150 1.4it/s 1:49

                 Class     Images  Instances      Box(P          R      mAP50  mAP50-95): 100% ━━━━━━━━━━━━ 25/25 2.1it/s 11.9s
                   all        200        564      0.909      0.909      0.961      0.914

      Epoch    GPU_mem   box_loss   cls_loss   dfl_loss  Instances       Size

      30/30      1.05G    0.07339    0.09206     0.7759         11        640: 100% ━━━━━━━━━━━━ 150/150 1.3it/s 1:56

                 Class     Images  Instances      Box(P          R      mAP50  mAP50-95): 100% ━━━━━━━━━━━━ 25/25 3.9it/s 6.4s
                   all        200        564      0.936      0.877      0.961      0.912

30 epochs completed in 0.823 hours.
Optimizer stripped from C:\Users\masat\Documents\GitHub\IE7615-Group3-Project1\results\milestone3\sweep\runs\baseline\weights\last.pt, 6.5MB
Optimizer stripped from C:\Users\masat\Documents\GitHub\IE7615-Group3-Project1\results\milestone3\sweep\runs\baseline\weights\best.pt, 6.5MB

Validating C:\Users\masat\Documents\GitHub\IE7615-Group3-Project1\results\milestone3\sweep\runs\baseline\weights\best.pt...
Ultralytics 8.4.175  Python-3.13.9 torch-2.14.1+cu126 CUDA:0 (NVIDIA GeForce MX150, 2048MiB)
Model summary (fused): 73 layers, 3,133,436 parameters, 0 gradients, 8.6 GFLOPs

                 Class     Images  Instances      Box(P          R      mAP50  mAP50-95): 100% ━━━━━━━━━━━━ 25/25 4.2it/s 5.9s
                   all        200        564      0.911      0.909      0.961      0.914
               id_2336        131        131      0.948      0.947       0.98      0.937
               id_2970        145        145      0.977      0.862      0.964      0.898
               id_4422        140        140      0.871      0.921      0.957      0.912
               id_7007        148        148      0.847      0.905      0.944      0.907
Speed: 1.0ms preprocess, 21.2ms inference, 0.0ms loss, 1.7ms postprocess per image
