Ultralytics 8.4.175  Python-3.13.9 torch-2.14.1+cu126 CUDA:0 (NVIDIA GeForce MX150, 2048MiB)
[34m[1mengine\trainer: [0magnostic_nms=False, amp=False, angle=1.0, augment=False, auto_augment=randaugment, batch=4, bgr=0.0, box=7.5, cache=ram, cfg=None, channels_last=None, classes=None, close_mosaic=10, cls=0.5, cls_pw=0.0, cls_remap=True, compile=False, conf=None, copy_paste=0.0, copy_paste_mode=flip, cos_lr=True, cutmix=0.0, data=C:\Users\masat\Documents\GitHub\IE7615-Group3-Project1\results\milestone3\sweep\dataset_absolute.yaml, degrees=10.0, deterministic=True, device=0, dfl=1.5, dgrad=0.5, dis=6.0, distill_model=None, dlam=1.0, dlog=1.0, dnn=False, dropout=0.0, dynamic=False, embed=None, epochs=30, erasing=0.4, exist_ok=True, fliplr=0.5, flipud=0.0, format=torchscript, fraction=1.0, freeze=None, hsv_h=0.015, hsv_s=0.7, hsv_v=0.4, imgsz=640, iou=0.7, kobj=1.0, line_width=None, lr0=0.001, lrf=0.01, mask_ratio=4, max_det=300, mixup=0.1, mode=train, model=yolov8n.pt, momentum=0.937, mosaic=1.0, multi_scale=0.0, name=aug_strong, nbs=64, nms=None, opset=None, optimize=False, optimizer=AdamW, overlap_mask=True, patience=10, perspective=0.0, plots=False, pose=12.0, pretrained=True, profile=False, project=C:\Users\masat\Documents\GitHub\IE7615-Group3-Project1\results\milestone3\sweep\runs, quantize=None, rect=False, resume=False, retina_masks=False, rle=1.0, save=True, save_conf=False, save_crop=False, save_dir=C:\Users\masat\Documents\GitHub\IE7615-Group3-Project1\results\milestone3\sweep\runs\aug_strong, save_frames=False, save_json=False, save_period=-1, save_txt=False, scale=0.5, seed=42, shear=0.0, show=False, show_boxes=True, show_conf=True, show_labels=True, simplify=True, single_cls=False, source=None, split=val, stream_buffer=False, task=detect, time=None, tracker=tracktrack.yaml, translate=0.1, val=True, verbose=True, vid_stride=1, visualize=False, warmup_bias_lr=0.1, warmup_epochs=3, warmup_momentum=0.8, weight_decay=0.0005, workers=0, workspace=None
Overriding model.yaml nc=80 with nc=4

                   from  n    params  module                                       arguments                     
  0                  -1  1       464  ultralytics.nn.modules.conv.Conv             [3, 16, 3, 2]                 
  1                  -1  1      4672  ultralytics.nn.modules.conv.Conv             [16, 32, 3, 2]                
  2                  -1  1      7360  ultralytics.nn.modules.block.C2f             [32, 32, 1, True]             
  3                  -1  1     18560  ultralytics.nn.modules.conv.Conv             [32, 64, 3, 2]                
  4                  -1  2     49664  ultralytics.nn.modules.block.C2f             [64, 64, 2, True]             
  5                  -1  1     73984  ultralytics.nn.modules.conv.Conv             [64, 128, 3, 2]               
  6                  -1  2    197632  ultralytics.nn.modules.block.C2f             [128, 128, 2, True]           
  7                  -1  1    295424  ultralytics.nn.modules.conv.Conv             [128, 256, 3, 2]              
  8                  -1  1    460288  ultralytics.nn.modules.block.C2f             [256, 256, 1, True]           
  9                  -1  1    164608  ultralytics.nn.modules.block.SPPF            [256, 256, 5]                 
 10                  -1  1         0  torch.nn.modules.upsampling.Upsample         [None, 2, 'nearest']          
 11             [-1, 6]  1         0  ultralytics.nn.modules.conv.Concat           [1]                           
 12                  -1  1    148224  ultralytics.nn.modules.block.C2f             [384, 128, 1]                 
 13                  -1  1         0  torch.nn.modules.upsampling.Upsample         [None, 2, 'nearest']          
 14             [-1, 4]  1         0  ultralytics.nn.modules.conv.Concat           [1]                           
 15                  -1  1     37248  ultralytics.nn.modules.block.C2f             [192, 64, 1]                  
 16                  -1  1     36992  ultralytics.nn.modules.conv.Conv             [64, 64, 3, 2]                
 17            [-1, 12]  1         0  ultralytics.nn.modules.conv.Concat           [1]                           
 18                  -1  1    123648  ultralytics.nn.modules.block.C2f             [192, 128, 1]                 
 19                  -1  1    147712  ultralytics.nn.modules.conv.Conv             [128, 128, 3, 2]              
 20             [-1, 9]  1         0  ultralytics.nn.modules.conv.Concat           [1]                           
 21                  -1  1    493056  ultralytics.nn.modules.block.C2f             [384, 256, 1]                 
 22        [15, 18, 21]  1    752092  ultralytics.nn.modules.head.Detect           [4, 16, None, [64, 128, 256]] 
Model summary: 129 layers, 3,011,628 parameters, 3,011,612 gradients, 8.2 GFLOPs

Transferred 349/355 items from pretrained weights
Freezing layer 'model.22.dfl.conv.weight'
[34m[1mtrain: [0mFast image access  (ping: 0.10.0 ms, read: 209.035.5 MB/s, size: 80.4 KB)

[34m[1mtrain: [0mScanning C:\Users\masat\Documents\GitHub\IE7615-Group3-Project1\data\detection\labels\train.cache... 600 images, 0 backgrounds, 0 corrupt: 100% ━━━━━━━━━━━━ 600/600 86.8Mit/s 0.0s
WARNING cache='ram' may produce non-deterministic training results. Consider cache='disk' as a deterministic alternative if your disk space allows.

[34m[1mtrain: [0mCaching images (0.7GB RAM): 100% ━━━━━━━━━━━━ 600/600 1.1Kit/s 0.6s
[34m[1mval: [0mFast image access  (ping: 0.10.0 ms, read: 338.377.9 MB/s, size: 92.8 KB)

[34m[1mval: [0mScanning C:\Users\masat\Documents\GitHub\IE7615-Group3-Project1\data\detection\labels\val.cache... 200 images, 0 backgrounds, 0 corrupt: 100% ━━━━━━━━━━━━ 200/200 49.3Mit/s 0.0s
WARNING cache='ram' may produce non-deterministic training results. Consider cache='disk' as a deterministic alternative if your disk space allows.

[34m[1mval: [0mCaching images (0.2GB RAM): 100% ━━━━━━━━━━━━ 200/200 897.2it/s 0.2s
[34m[1moptimizer:[0m AdamW(lr=0.001, momentum=0.937) with parameter groups 57 weight(decay=0.0), 64 weight(decay=0.0005), 63 bias(decay=0.0)
Using 600 train, 200 val images for fraction=1.0 at imgsz=640
Using 0 dataloader workers
Logging results to [1mC:\Users\masat\Documents\GitHub\IE7615-Group3-Project1\results\milestone3\sweep\runs\aug_strong[0m
Starting training for 30 epochs...

      Epoch    GPU_mem   box_loss   cls_loss   dfl_loss  Instances       Size

       1/30      1.05G      1.016      2.015      1.269         11        640: 100% ━━━━━━━━━━━━ 150/150 1.9it/s 1:19

                 Class     Images  Instances      Box(P          R      mAP50  mAP50-95): 100% ━━━━━━━━━━━━ 25/25 4.2it/s 6.0s
                   all        200        564      0.248      0.795       0.32      0.234

      Epoch    GPU_mem   box_loss   cls_loss   dfl_loss  Instances       Size

       2/30      1.05G     0.9193      1.589      1.174         25        640: 100% ━━━━━━━━━━━━ 150/150 2.0it/s 1:15

                 Class     Images  Instances      Box(P          R      mAP50  mAP50-95): 100% ━━━━━━━━━━━━ 25/25 4.2it/s 5.9s
                   all        200        564      0.336      0.835      0.572       0.43

      Epoch    GPU_mem   box_loss   cls_loss   dfl_loss  Instances       Size

       3/30      1.05G     0.9298      1.358      1.187         28        640: 100% ━━━━━━━━━━━━ 150/150 1.4it/s 1:46

                 Class     Images  Instances      Box(P          R      mAP50  mAP50-95): 100% ━━━━━━━━━━━━ 25/25 2.2it/s 11.2s
                   all        200        564      0.553      0.768       0.66      0.489

      Epoch    GPU_mem   box_loss   cls_loss   dfl_loss  Instances       Size

       4/30      1.05G     0.8701      1.237      1.169         15        640: 100% ━━━━━━━━━━━━ 150/150 1.2it/s 2:00

                 Class     Images  Instances      Box(P          R      mAP50  mAP50-95): 100% ━━━━━━━━━━━━ 25/25 2.4it/s 10.3s
                   all        200        564      0.709      0.775      0.831      0.653

      Epoch    GPU_mem   box_loss   cls_loss   dfl_loss  Instances       Size

       5/30      1.05G     0.8485      1.035      1.135         15        640: 100% ━━━━━━━━━━━━ 150/150 1.9it/s 1:18

                 Class     Images  Instances      Box(P          R      mAP50  mAP50-95): 100% ━━━━━━━━━━━━ 25/25 4.2it/s 6.0s
                   all        200        564       0.82      0.812      0.885      0.709

      Epoch    GPU_mem   box_loss   cls_loss   dfl_loss  Instances       Size

       6/30      1.05G     0.7949     0.9687      1.127         27        640: 100% ━━━━━━━━━━━━ 150/150 1.9it/s 1:18

                 Class     Images  Instances      Box(P          R      mAP50  mAP50-95): 100% ━━━━━━━━━━━━ 25/25 2.9it/s 8.7s
                   all        200        564      0.896      0.854      0.919      0.707

      Epoch    GPU_mem   box_loss   cls_loss   dfl_loss  Instances       Size

       7/30      1.05G     0.7871     0.9084      1.106         29        640: 100% ━━━━━━━━━━━━ 150/150 1.3it/s 2:00

                 Class     Images  Instances      Box(P          R      mAP50  mAP50-95): 100% ━━━━━━━━━━━━ 25/25 2.5it/s 10.0s
                   all        200        564      0.865      0.824      0.914      0.752

      Epoch    GPU_mem   box_loss   cls_loss   dfl_loss  Instances       Size

       8/30      1.05G     0.7635     0.8571      1.094         27        640: 100% ━━━━━━━━━━━━ 150/150 1.4it/s 1:49

                 Class     Images  Instances      Box(P          R      mAP50  mAP50-95): 100% ━━━━━━━━━━━━ 25/25 4.2it/s 6.0s
                   all        200        564      0.811      0.876        0.9      0.735

      Epoch    GPU_mem   box_loss   cls_loss   dfl_loss  Instances       Size

       9/30      1.05G     0.7435     0.8128      1.099         25        640: 100% ━━━━━━━━━━━━ 150/150 2.0it/s 1:14

                 Class     Images  Instances      Box(P          R      mAP50  mAP50-95): 100% ━━━━━━━━━━━━ 25/25 4.2it/s 6.0s
                   all        200        564      0.889      0.823      0.935      0.767

      Epoch    GPU_mem   box_loss   cls_loss   dfl_loss  Instances       Size

      10/30      1.05G     0.7078     0.7633      1.063         22        640: 100% ━━━━━━━━━━━━ 150/150 2.0it/s 1:15

                 Class     Images  Instances      Box(P          R      mAP50  mAP50-95): 100% ━━━━━━━━━━━━ 25/25 3.2it/s 7.8s
                   all        200        564      0.906      0.891      0.947      0.777

      Epoch    GPU_mem   box_loss   cls_loss   dfl_loss  Instances       Size

      11/30      1.05G     0.7431     0.7782      1.095         25        640: 100% ━━━━━━━━━━━━ 150/150 1.2it/s 2:02

                 Class     Images  Instances      Box(P          R      mAP50  mAP50-95): 100% ━━━━━━━━━━━━ 25/25 2.0it/s 12.5s
                   all        200        564      0.902      0.891      0.956      0.804

      Epoch    GPU_mem   box_loss   cls_loss   dfl_loss  Instances       Size

      12/30      1.05G     0.7343     0.7128      1.088         18        640: 100% ━━━━━━━━━━━━ 150/150 1.4it/s 1:46

                 Class     Images  Instances      Box(P          R      mAP50  mAP50-95): 100% ━━━━━━━━━━━━ 25/25 4.3it/s 5.9s
                   all        200        564      0.951      0.876      0.964      0.852

      Epoch    GPU_mem   box_loss   cls_loss   dfl_loss  Instances       Size

      13/30      1.05G     0.6898      0.713      1.067         25        640: 100% ━━━━━━━━━━━━ 150/150 2.0it/s 1:15

                 Class     Images  Instances      Box(P          R      mAP50  mAP50-95): 100% ━━━━━━━━━━━━ 25/25 4.2it/s 6.0s
                   all        200        564       0.93       0.92      0.973      0.875

      Epoch    GPU_mem   box_loss   cls_loss   dfl_loss  Instances       Size

      14/30      1.05G     0.6737     0.6808      1.054         19        640: 100% ━━━━━━━━━━━━ 150/150 1.7it/s 1:27

                 Class     Images  Instances      Box(P          R      mAP50  mAP50-95): 100% ━━━━━━━━━━━━ 25/25 2.9it/s 8.6s
                   all        200        564      0.945      0.945      0.983      0.856

      Epoch    GPU_mem   box_loss   cls_loss   dfl_loss  Instances       Size

      15/30      1.05G     0.6586     0.6676      1.051         21        640: 100% ━━━━━━━━━━━━ 150/150 1.2it/s 2:03

                 Class     Images  Instances      Box(P          R      mAP50  mAP50-95): 100% ━━━━━━━━━━━━ 25/25 2.1it/s 11.9s
                   all        200        564      0.904       0.89      0.959      0.834

      Epoch    GPU_mem   box_loss   cls_loss   dfl_loss  Instances       Size

      16/30      1.05G     0.6532     0.6334      1.035         29        640: 100% ━━━━━━━━━━━━ 150/150 1.7it/s 1:29

                 Class     Images  Instances      Box(P          R      mAP50  mAP50-95): 100% ━━━━━━━━━━━━ 25/25 4.2it/s 6.0s
                   all        200        564       0.94      0.937      0.978      0.878

      Epoch    GPU_mem   box_loss   cls_loss   dfl_loss  Instances       Size

      17/30      1.05G     0.6547     0.6065      1.047         29        640: 100% ━━━━━━━━━━━━ 150/150 2.0it/s 1:15

                 Class     Images  Instances      Box(P          R      mAP50  mAP50-95): 100% ━━━━━━━━━━━━ 25/25 4.2it/s 5.9s
                   all        200        564      0.986      0.932      0.988      0.894

      Epoch    GPU_mem   box_loss   cls_loss   dfl_loss  Instances       Size

      18/30      1.05G     0.6063     0.5556      1.022         13        640: 100% ━━━━━━━━━━━━ 150/150 1.6it/s 1:33

                 Class     Images  Instances      Box(P          R      mAP50  mAP50-95): 100% ━━━━━━━━━━━━ 25/25 2.8it/s 8.9s
                   all        200        564      0.962      0.931      0.979      0.881

      Epoch    GPU_mem   box_loss   cls_loss   dfl_loss  Instances       Size

      19/30      1.05G     0.6204     0.5874      1.032         16        640: 100% ━━━━━━━━━━━━ 150/150 1.2it/s 2:07

                 Class     Images  Instances      Box(P          R      mAP50  mAP50-95): 100% ━━━━━━━━━━━━ 25/25 2.5it/s 10.1s
                   all        200        564      0.949      0.956      0.986      0.856

      Epoch    GPU_mem   box_loss   cls_loss   dfl_loss  Instances       Size

      20/30      1.05G     0.6135     0.5658      1.015         24        640: 100% ━━━━━━━━━━━━ 150/150 1.8it/s 1:22

                 Class     Images  Instances      Box(P          R      mAP50  mAP50-95): 100% ━━━━━━━━━━━━ 25/25 4.2it/s 5.9s
                   all        200        564      0.977       0.93      0.985      0.851
Closing dataloader mosaic

      Epoch    GPU_mem   box_loss   cls_loss   dfl_loss  Instances       Size

      21/30      1.05G     0.4977     0.3702     0.9536         10        640: 100% ━━━━━━━━━━━━ 150/150 2.1it/s 1:12

                 Class     Images  Instances      Box(P          R      mAP50  mAP50-95): 100% ━━━━━━━━━━━━ 25/25 4.2it/s 6.0s
                   all        200        564      0.959      0.933      0.986       0.87

      Epoch    GPU_mem   box_loss   cls_loss   dfl_loss  Instances       Size

      22/30      1.05G     0.5036     0.3525     0.9499          9        640: 100% ━━━━━━━━━━━━ 150/150 1.5it/s 1:43

                 Class     Images  Instances      Box(P          R      mAP50  mAP50-95): 100% ━━━━━━━━━━━━ 25/25 2.7it/s 9.1s
                   all        200        564      0.958      0.933      0.982      0.874

      Epoch    GPU_mem   box_loss   cls_loss   dfl_loss  Instances       Size

      23/30      1.05G     0.4641      0.332     0.9282         10        640: 100% ━━━━━━━━━━━━ 150/150 1.2it/s 2:03

                 Class     Images  Instances      Box(P          R      mAP50  mAP50-95): 100% ━━━━━━━━━━━━ 25/25 2.1it/s 12.0s
                   all        200        564      0.929      0.903       0.98      0.873

      Epoch    GPU_mem   box_loss   cls_loss   dfl_loss  Instances       Size

      24/30      1.05G     0.4554     0.3327     0.9336         13        640: 100% ━━━━━━━━━━━━ 150/150 2.0it/s 1:13

                 Class     Images  Instances      Box(P          R      mAP50  mAP50-95): 100% ━━━━━━━━━━━━ 25/25 4.2it/s 5.9s
                   all        200        564      0.966      0.938      0.988      0.907

      Epoch    GPU_mem   box_loss   cls_loss   dfl_loss  Instances       Size

      25/30      1.05G     0.4397     0.3194     0.9231         10        640: 100% ━━━━━━━━━━━━ 150/150 2.1it/s 1:13

                 Class     Images  Instances      Box(P          R      mAP50  mAP50-95): 100% ━━━━━━━━━━━━ 25/25 4.2it/s 5.9s
                   all        200        564      0.971      0.934      0.989      0.929

      Epoch    GPU_mem   box_loss   cls_loss   dfl_loss  Instances       Size

      26/30      1.05G     0.4446     0.3038     0.9246         11        640: 100% ━━━━━━━━━━━━ 150/150 1.6it/s 1:34

                 Class     Images  Instances      Box(P          R      mAP50  mAP50-95): 100% ━━━━━━━━━━━━ 25/25 2.1it/s 11.9s
                   all        200        564       0.98      0.936       0.99      0.909

      Epoch    GPU_mem   box_loss   cls_loss   dfl_loss  Instances       Size

      27/30      1.05G     0.4319     0.2955     0.9139         12        640: 100% ━━━━━━━━━━━━ 150/150 1.2it/s 2:02

                 Class     Images  Instances      Box(P          R      mAP50  mAP50-95): 100% ━━━━━━━━━━━━ 25/25 2.0it/s 12.3s
                   all        200        564      0.974      0.943      0.991      0.923

      Epoch    GPU_mem   box_loss   cls_loss   dfl_loss  Instances       Size

      28/30      1.05G     0.4456     0.3042     0.9298         10        640: 100% ━━━━━━━━━━━━ 150/150 1.7it/s 1:27

                 Class     Images  Instances      Box(P          R      mAP50  mAP50-95): 100% ━━━━━━━━━━━━ 25/25 4.2it/s 6.0s
                   all        200        564      0.982      0.946      0.991      0.915

      Epoch    GPU_mem   box_loss   cls_loss   dfl_loss  Instances       Size

      29/30      1.05G     0.4277     0.2893      0.921         10        640: 100% ━━━━━━━━━━━━ 150/150 2.1it/s 1:13

                 Class     Images  Instances      Box(P          R      mAP50  mAP50-95): 100% ━━━━━━━━━━━━ 25/25 4.2it/s 5.9s
                   all        200        564      0.985      0.943      0.991      0.926

      Epoch    GPU_mem   box_loss   cls_loss   dfl_loss  Instances       Size

      30/30      1.05G     0.4388     0.2898     0.9327          7        640: 100% ━━━━━━━━━━━━ 150/150 1.6it/s 1:34

                 Class     Images  Instances      Box(P          R      mAP50  mAP50-95): 100% ━━━━━━━━━━━━ 25/25 2.8it/s 9.0s
                   all        200        564      0.988      0.941      0.991      0.922

30 epochs completed in 0.854 hours.
Optimizer stripped from C:\Users\masat\Documents\GitHub\IE7615-Group3-Project1\results\milestone3\sweep\runs\aug_strong\weights\last.pt, 6.5MB
Optimizer stripped from C:\Users\masat\Documents\GitHub\IE7615-Group3-Project1\results\milestone3\sweep\runs\aug_strong\weights\best.pt, 6.5MB

Validating C:\Users\masat\Documents\GitHub\IE7615-Group3-Project1\results\milestone3\sweep\runs\aug_strong\weights\best.pt...
Ultralytics 8.4.175  Python-3.13.9 torch-2.14.1+cu126 CUDA:0 (NVIDIA GeForce MX150, 2048MiB)
Model summary (fused): 73 layers, 3,133,436 parameters, 0 gradients, 8.6 GFLOPs

                 Class     Images  Instances      Box(P          R      mAP50  mAP50-95): 100% ━━━━━━━━━━━━ 25/25 2.9it/s 8.6s
                   all        200        564      0.971      0.934      0.989      0.929
               id_2336        131        131          1       0.97      0.995      0.948
               id_2970        145        145      0.959       0.89      0.984      0.917
               id_4422        140        140      0.952       0.95      0.989      0.924
               id_7007        148        148      0.972      0.926      0.988      0.926
Speed: 1.1ms preprocess, 36.4ms inference, 0.0ms loss, 1.3ms postprocess per image
