Ultralytics 8.4.175  Python-3.13.9 torch-2.14.1+cu126 CUDA:0 (NVIDIA GeForce MX150, 2048MiB)
[34m[1mengine\trainer: [0magnostic_nms=False, amp=False, angle=1.0, augment=False, auto_augment=randaugment, batch=4, bgr=0.0, box=7.5, cache=ram, cfg=None, channels_last=None, classes=None, close_mosaic=0, cls=0.5, cls_pw=0.0, cls_remap=True, compile=False, conf=None, copy_paste=0.0, copy_paste_mode=flip, cos_lr=True, cutmix=0.0, data=C:\Users\masat\Documents\GitHub\IE7615-Group3-Project1\results\milestone3\sweep\dataset_absolute.yaml, degrees=0.0, deterministic=True, device=0, dfl=1.5, dgrad=0.5, dis=6.0, distill_model=None, dlam=1.0, dlog=1.0, dnn=False, dropout=0.0, dynamic=False, embed=None, epochs=30, erasing=0.4, exist_ok=True, fliplr=0.0, flipud=0.0, format=torchscript, fraction=1.0, freeze=None, hsv_h=0.0, hsv_s=0.0, hsv_v=0.0, imgsz=640, iou=0.7, kobj=1.0, line_width=None, lr0=0.001, lrf=0.01, mask_ratio=4, max_det=300, mixup=0.0, mode=train, model=yolov8n.pt, momentum=0.937, mosaic=0.0, multi_scale=0.0, name=baseline_seed1, nbs=64, nms=None, opset=None, optimize=False, optimizer=AdamW, overlap_mask=True, patience=10, perspective=0.0, plots=False, pose=12.0, pretrained=True, profile=False, project=C:\Users\masat\Documents\GitHub\IE7615-Group3-Project1\results\milestone3\sweep\runs, quantize=None, rect=False, resume=False, retina_masks=False, rle=1.0, save=True, save_conf=False, save_crop=False, save_dir=C:\Users\masat\Documents\GitHub\IE7615-Group3-Project1\results\milestone3\sweep\runs\baseline_seed1, save_frames=False, save_json=False, save_period=-1, save_txt=False, scale=0.0, seed=1, shear=0.0, show=False, show_boxes=True, show_conf=True, show_labels=True, simplify=True, single_cls=False, source=None, split=val, stream_buffer=False, task=detect, time=None, tracker=tracktrack.yaml, translate=0.0, val=True, verbose=True, vid_stride=1, visualize=False, warmup_bias_lr=0.1, warmup_epochs=3, warmup_momentum=0.8, weight_decay=0.0005, workers=0, workspace=None
Overriding model.yaml nc=80 with nc=4

                   from  n    params  module                                       arguments                     
  0                  -1  1       464  ultralytics.nn.modules.conv.Conv             [3, 16, 3, 2]                 
  1                  -1  1      4672  ultralytics.nn.modules.conv.Conv             [16, 32, 3, 2]                
  2                  -1  1      7360  ultralytics.nn.modules.block.C2f             [32, 32, 1, True]             
  3                  -1  1     18560  ultralytics.nn.modules.conv.Conv             [32, 64, 3, 2]                
  4                  -1  2     49664  ultralytics.nn.modules.block.C2f             [64, 64, 2, True]             
  5                  -1  1     73984  ultralytics.nn.modules.conv.Conv             [64, 128, 3, 2]               
  6                  -1  2    197632  ultralytics.nn.modules.block.C2f             [128, 128, 2, True]           
  7                  -1  1    295424  ultralytics.nn.modules.conv.Conv             [128, 256, 3, 2]              
  8                  -1  1    460288  ultralytics.nn.modules.block.C2f             [256, 256, 1, True]           
  9                  -1  1    164608  ultralytics.nn.modules.block.SPPF            [256, 256, 5]                 
 10                  -1  1         0  torch.nn.modules.upsampling.Upsample         [None, 2, 'nearest']          
 11             [-1, 6]  1         0  ultralytics.nn.modules.conv.Concat           [1]                           
 12                  -1  1    148224  ultralytics.nn.modules.block.C2f             [384, 128, 1]                 
 13                  -1  1         0  torch.nn.modules.upsampling.Upsample         [None, 2, 'nearest']          
 14             [-1, 4]  1         0  ultralytics.nn.modules.conv.Concat           [1]                           
 15                  -1  1     37248  ultralytics.nn.modules.block.C2f             [192, 64, 1]                  
 16                  -1  1     36992  ultralytics.nn.modules.conv.Conv             [64, 64, 3, 2]                
 17            [-1, 12]  1         0  ultralytics.nn.modules.conv.Concat           [1]                           
 18                  -1  1    123648  ultralytics.nn.modules.block.C2f             [192, 128, 1]                 
 19                  -1  1    147712  ultralytics.nn.modules.conv.Conv             [128, 128, 3, 2]              
 20             [-1, 9]  1         0  ultralytics.nn.modules.conv.Concat           [1]                           
 21                  -1  1    493056  ultralytics.nn.modules.block.C2f             [384, 256, 1]                 
 22        [15, 18, 21]  1    752092  ultralytics.nn.modules.head.Detect           [4, 16, None, [64, 128, 256]] 
Model summary: 129 layers, 3,011,628 parameters, 3,011,612 gradients, 8.2 GFLOPs

Transferred 349/355 items from pretrained weights
Freezing layer 'model.22.dfl.conv.weight'
[34m[1mtrain: [0mFast image access  (ping: 0.00.0 ms, read: 506.4131.4 MB/s, size: 72.0 KB)

[34m[1mtrain: [0mScanning C:\Users\masat\Documents\GitHub\IE7615-Group3-Project1\data\detection\labels\train.cache... 600 images, 0 backgrounds, 0 corrupt: 100% ━━━━━━━━━━━━ 600/600 132.5Mit/s 0.0s
WARNING cache='ram' may produce non-deterministic training results. Consider cache='disk' as a deterministic alternative if your disk space allows.

[34m[1mtrain: [0mCaching images (0.7GB RAM): 100% ━━━━━━━━━━━━ 600/600 1.6Kit/s 0.4s
[34m[1mval: [0mFast image access  (ping: 0.10.0 ms, read: 402.7193.5 MB/s, size: 67.1 KB)

[34m[1mval: [0mScanning C:\Users\masat\Documents\GitHub\IE7615-Group3-Project1\data\detection\labels\val.cache... 200 images, 0 backgrounds, 0 corrupt: 100% ━━━━━━━━━━━━ 200/200 69.9Mit/s 0.0s
WARNING cache='ram' may produce non-deterministic training results. Consider cache='disk' as a deterministic alternative if your disk space allows.

[34m[1mval: [0mCaching images (0.2GB RAM): 100% ━━━━━━━━━━━━ 200/200 1.5Kit/s 0.1s
[34m[1moptimizer:[0m AdamW(lr=0.001, momentum=0.937) with parameter groups 57 weight(decay=0.0), 64 weight(decay=0.0005), 63 bias(decay=0.0)
Using 600 train, 200 val images for fraction=1.0 at imgsz=640
Using 0 dataloader workers
Logging results to [1mC:\Users\masat\Documents\GitHub\IE7615-Group3-Project1\results\milestone3\sweep\runs\baseline_seed1[0m
Starting training for 30 epochs...

      Epoch    GPU_mem   box_loss   cls_loss   dfl_loss  Instances       Size

       1/30      1.05G     0.6501      1.447        1.1         13        640: 100% ━━━━━━━━━━━━ 150/150 1.2it/s 2:02

                 Class     Images  Instances      Box(P          R      mAP50  mAP50-95): 100% ━━━━━━━━━━━━ 25/25 3.3it/s 7.7s
                   all        200        564      0.476      0.673      0.565      0.477

      Epoch    GPU_mem   box_loss   cls_loss   dfl_loss  Instances       Size

       2/30      1.05G     0.5319     0.7219      1.004         12        640: 100% ━━━━━━━━━━━━ 150/150 2.1it/s 1:11

                 Class     Images  Instances      Box(P          R      mAP50  mAP50-95): 100% ━━━━━━━━━━━━ 25/25 4.2it/s 6.0s
                   all        200        564      0.621      0.687      0.721      0.618

      Epoch    GPU_mem   box_loss   cls_loss   dfl_loss  Instances       Size

       3/30      1.05G      0.445     0.4868     0.9395         13        640: 100% ━━━━━━━━━━━━ 150/150 2.1it/s 1:11

                 Class     Images  Instances      Box(P          R      mAP50  mAP50-95): 100% ━━━━━━━━━━━━ 25/25 3.8it/s 6.7s
                   all        200        564      0.876      0.802      0.912      0.809

      Epoch    GPU_mem   box_loss   cls_loss   dfl_loss  Instances       Size

       4/30      1.05G     0.4102     0.4332     0.9137         10        640: 100% ━━━━━━━━━━━━ 150/150 1.3it/s 1:54

                 Class     Images  Instances      Box(P          R      mAP50  mAP50-95): 100% ━━━━━━━━━━━━ 25/25 2.7it/s 9.2s
                   all        200        564      0.788      0.787      0.877      0.793

      Epoch    GPU_mem   box_loss   cls_loss   dfl_loss  Instances       Size

       5/30      1.05G     0.3975     0.3981      0.894          7        640: 100% ━━━━━━━━━━━━ 150/150 1.3it/s 1:53

                 Class     Images  Instances      Box(P          R      mAP50  mAP50-95): 100% ━━━━━━━━━━━━ 25/25 4.2it/s 5.9s
                   all        200        564      0.858      0.781      0.851      0.747

      Epoch    GPU_mem   box_loss   cls_loss   dfl_loss  Instances       Size

       6/30      1.05G      0.377     0.3593      0.881         10        640: 100% ━━━━━━━━━━━━ 150/150 2.1it/s 1:11

                 Class     Images  Instances      Box(P          R      mAP50  mAP50-95): 100% ━━━━━━━━━━━━ 25/25 4.2it/s 6.0s
                   all        200        564      0.904      0.844      0.927      0.836

      Epoch    GPU_mem   box_loss   cls_loss   dfl_loss  Instances       Size

       7/30      1.05G     0.3332     0.3228     0.8634         14        640: 100% ━━━━━━━━━━━━ 150/150 2.1it/s 1:11

                 Class     Images  Instances      Box(P          R      mAP50  mAP50-95): 100% ━━━━━━━━━━━━ 25/25 4.2it/s 6.0s
                   all        200        564      0.861      0.895      0.929      0.857

      Epoch    GPU_mem   box_loss   cls_loss   dfl_loss  Instances       Size

       8/30      1.05G     0.2883     0.2957     0.8419         10        640: 100% ━━━━━━━━━━━━ 150/150 1.3it/s 1:54

                 Class     Images  Instances      Box(P          R      mAP50  mAP50-95): 100% ━━━━━━━━━━━━ 25/25 3.2it/s 7.8s
                   all        200        564      0.903      0.858      0.922      0.845

      Epoch    GPU_mem   box_loss   cls_loss   dfl_loss  Instances       Size

       9/30      1.05G     0.2739     0.2806     0.8346         13        640: 100% ━━━━━━━━━━━━ 150/150 1.3it/s 1:56

                 Class     Images  Instances      Box(P          R      mAP50  mAP50-95): 100% ━━━━━━━━━━━━ 25/25 4.2it/s 5.9s
                   all        200        564      0.924      0.855      0.935      0.873

      Epoch    GPU_mem   box_loss   cls_loss   dfl_loss  Instances       Size

      10/30      1.05G     0.2605     0.2592     0.8279         15        640: 100% ━━━━━━━━━━━━ 150/150 2.1it/s 1:11

                 Class     Images  Instances      Box(P          R      mAP50  mAP50-95): 100% ━━━━━━━━━━━━ 25/25 4.1it/s 6.1s
                   all        200        564      0.867      0.842      0.902      0.848

      Epoch    GPU_mem   box_loss   cls_loss   dfl_loss  Instances       Size

      11/30      1.05G     0.2483     0.2616     0.8207          9        640: 100% ━━━━━━━━━━━━ 150/150 2.1it/s 1:11

                 Class     Images  Instances      Box(P          R      mAP50  mAP50-95): 100% ━━━━━━━━━━━━ 25/25 4.1it/s 6.1s
                   all        200        564      0.881      0.865      0.929      0.871

      Epoch    GPU_mem   box_loss   cls_loss   dfl_loss  Instances       Size

      12/30      1.05G     0.2352      0.245      0.818         11        640: 100% ━━━━━━━━━━━━ 150/150 1.3it/s 1:53

                 Class     Images  Instances      Box(P          R      mAP50  mAP50-95): 100% ━━━━━━━━━━━━ 25/25 2.5it/s 10.1s
                   all        200        564      0.938      0.866      0.947      0.887

      Epoch    GPU_mem   box_loss   cls_loss   dfl_loss  Instances       Size

      13/30      1.05G     0.2178     0.2291     0.8103          7        640: 100% ━━━━━━━━━━━━ 150/150 1.2it/s 2:01

                 Class     Images  Instances      Box(P          R      mAP50  mAP50-95): 100% ━━━━━━━━━━━━ 25/25 4.1it/s 6.2s
                   all        200        564      0.866      0.849      0.902      0.845

      Epoch    GPU_mem   box_loss   cls_loss   dfl_loss  Instances       Size

      14/30      1.05G     0.2014     0.2128     0.8051         10        640: 100% ━━━━━━━━━━━━ 150/150 2.1it/s 1:11

                 Class     Images  Instances      Box(P          R      mAP50  mAP50-95): 100% ━━━━━━━━━━━━ 25/25 4.2it/s 5.9s
                   all        200        564      0.861      0.823       0.89      0.838

      Epoch    GPU_mem   box_loss   cls_loss   dfl_loss  Instances       Size

      15/30      1.05G      0.188     0.1979     0.8014         12        640: 100% ━━━━━━━━━━━━ 150/150 2.1it/s 1:11

                 Class     Images  Instances      Box(P          R      mAP50  mAP50-95): 100% ━━━━━━━━━━━━ 25/25 4.2it/s 6.0s
                   all        200        564      0.916      0.871      0.927      0.879

      Epoch    GPU_mem   box_loss   cls_loss   dfl_loss  Instances       Size

      16/30      1.05G     0.1789     0.1885     0.7976         13        640: 100% ━━━━━━━━━━━━ 150/150 1.4it/s 1:46

                 Class     Images  Instances      Box(P          R      mAP50  mAP50-95): 100% ━━━━━━━━━━━━ 25/25 2.7it/s 9.2s
                   all        200        564      0.915      0.871      0.941      0.889

      Epoch    GPU_mem   box_loss   cls_loss   dfl_loss  Instances       Size

      17/30      1.05G     0.1727     0.1802     0.7955         13        640: 100% ━━━━━━━━━━━━ 150/150 1.2it/s 2:03

                 Class     Images  Instances      Box(P          R      mAP50  mAP50-95): 100% ━━━━━━━━━━━━ 25/25 3.3it/s 7.6s
                   all        200        564      0.911        0.9      0.951        0.9

      Epoch    GPU_mem   box_loss   cls_loss   dfl_loss  Instances       Size

      18/30      1.05G     0.1566      0.167     0.7916          9        640: 100% ━━━━━━━━━━━━ 150/150 2.1it/s 1:11

                 Class     Images  Instances      Box(P          R      mAP50  mAP50-95): 100% ━━━━━━━━━━━━ 25/25 4.3it/s 5.9s
                   all        200        564      0.881      0.915      0.959      0.906

      Epoch    GPU_mem   box_loss   cls_loss   dfl_loss  Instances       Size

      19/30      1.05G     0.1492      0.162     0.7887         10        640: 100% ━━━━━━━━━━━━ 150/150 2.1it/s 1:11

                 Class     Images  Instances      Box(P          R      mAP50  mAP50-95): 100% ━━━━━━━━━━━━ 25/25 4.2it/s 5.9s
                   all        200        564      0.925      0.898      0.958      0.912

      Epoch    GPU_mem   box_loss   cls_loss   dfl_loss  Instances       Size

      20/30      1.05G     0.1343     0.1486     0.7844          8        640: 100% ━━━━━━━━━━━━ 150/150 1.4it/s 1:49

                 Class     Images  Instances      Box(P          R      mAP50  mAP50-95): 100% ━━━━━━━━━━━━ 25/25 2.7it/s 9.4s
                   all        200        564      0.915      0.906      0.955      0.907

      Epoch    GPU_mem   box_loss   cls_loss   dfl_loss  Instances       Size

      21/30      1.05G     0.1261     0.1419     0.7834          9        640: 100% ━━━━━━━━━━━━ 150/150 1.3it/s 1:55

                 Class     Images  Instances      Box(P          R      mAP50  mAP50-95): 100% ━━━━━━━━━━━━ 25/25 3.3it/s 7.5s
                   all        200        564      0.924        0.9      0.955      0.911

      Epoch    GPU_mem   box_loss   cls_loss   dfl_loss  Instances       Size

      22/30      1.05G     0.1184     0.1343     0.7821         15        640: 100% ━━━━━━━━━━━━ 150/150 2.1it/s 1:11

                 Class     Images  Instances      Box(P          R      mAP50  mAP50-95): 100% ━━━━━━━━━━━━ 25/25 4.2it/s 5.9s
                   all        200        564       0.92        0.9      0.955      0.912

      Epoch    GPU_mem   box_loss   cls_loss   dfl_loss  Instances       Size

      23/30      1.05G     0.1065     0.1245     0.7815         11        640: 100% ━━━━━━━━━━━━ 150/150 2.1it/s 1:12

                 Class     Images  Instances      Box(P          R      mAP50  mAP50-95): 100% ━━━━━━━━━━━━ 25/25 3.7it/s 6.8s
                   all        200        564      0.941      0.886      0.956      0.914

      Epoch    GPU_mem   box_loss   cls_loss   dfl_loss  Instances       Size

      24/30      1.05G        0.1     0.1174     0.7789         13        640: 100% ━━━━━━━━━━━━ 150/150 1.3it/s 1:54

                 Class     Images  Instances      Box(P          R      mAP50  mAP50-95): 100% ━━━━━━━━━━━━ 25/25 2.6it/s 9.5s
                   all        200        564      0.937       0.89      0.957      0.916

      Epoch    GPU_mem   box_loss   cls_loss   dfl_loss  Instances       Size

      25/30      1.05G    0.09498     0.1113     0.7772         13        640: 100% ━━━━━━━━━━━━ 150/150 1.4it/s 1:45

                 Class     Images  Instances      Box(P          R      mAP50  mAP50-95): 100% ━━━━━━━━━━━━ 25/25 4.2it/s 5.9s
                   all        200        564      0.937      0.901      0.959      0.916

      Epoch    GPU_mem   box_loss   cls_loss   dfl_loss  Instances       Size

      26/30      1.05G    0.08958     0.1071     0.7771         12        640: 100% ━━━━━━━━━━━━ 150/150 2.1it/s 1:11

                 Class     Images  Instances      Box(P          R      mAP50  mAP50-95): 100% ━━━━━━━━━━━━ 25/25 4.1it/s 6.1s
                   all        200        564      0.945      0.898      0.959      0.915

      Epoch    GPU_mem   box_loss   cls_loss   dfl_loss  Instances       Size

      27/30      1.05G    0.08839     0.1038     0.7762         11        640: 100% ━━━━━━━━━━━━ 150/150 2.1it/s 1:11

                 Class     Images  Instances      Box(P          R      mAP50  mAP50-95): 100% ━━━━━━━━━━━━ 25/25 3.9it/s 6.5s
                   all        200        564      0.943      0.902       0.96      0.916

      Epoch    GPU_mem   box_loss   cls_loss   dfl_loss  Instances       Size

      28/30      1.05G     0.0831     0.1001     0.7754         12        640: 100% ━━━━━━━━━━━━ 150/150 1.3it/s 1:53

                 Class     Images  Instances      Box(P          R      mAP50  mAP50-95): 100% ━━━━━━━━━━━━ 25/25 2.7it/s 9.2s
                   all        200        564      0.943      0.897      0.961      0.917

      Epoch    GPU_mem   box_loss   cls_loss   dfl_loss  Instances       Size

      29/30      1.05G     0.0809    0.09839     0.7751         10        640: 100% ━━━━━━━━━━━━ 150/150 1.3it/s 1:59

                 Class     Images  Instances      Box(P          R      mAP50  mAP50-95): 100% ━━━━━━━━━━━━ 25/25 4.2it/s 6.0s
                   all        200        564      0.939      0.898      0.961      0.917

      Epoch    GPU_mem   box_loss   cls_loss   dfl_loss  Instances       Size

      30/30      1.05G    0.07926    0.09545     0.7752         11        640: 100% ━━━━━━━━━━━━ 150/150 2.1it/s 1:11

                 Class     Images  Instances      Box(P          R      mAP50  mAP50-95): 100% ━━━━━━━━━━━━ 25/25 4.2it/s 5.9s
                   all        200        564      0.938      0.903      0.961      0.918

30 epochs completed in 0.837 hours.
Optimizer stripped from C:\Users\masat\Documents\GitHub\IE7615-Group3-Project1\results\milestone3\sweep\runs\baseline_seed1\weights\last.pt, 6.5MB
Optimizer stripped from C:\Users\masat\Documents\GitHub\IE7615-Group3-Project1\results\milestone3\sweep\runs\baseline_seed1\weights\best.pt, 6.5MB

Validating C:\Users\masat\Documents\GitHub\IE7615-Group3-Project1\results\milestone3\sweep\runs\baseline_seed1\weights\best.pt...
Ultralytics 8.4.175  Python-3.13.9 torch-2.14.1+cu126 CUDA:0 (NVIDIA GeForce MX150, 2048MiB)
Model summary (fused): 73 layers, 3,133,436 parameters, 0 gradients, 8.6 GFLOPs

                 Class     Images  Instances      Box(P          R      mAP50  mAP50-95): 100% ━━━━━━━━━━━━ 25/25 4.6it/s 5.4s
                   all        200        564      0.939      0.903      0.961      0.918
               id_2336        131        131       0.98      0.985      0.993      0.957
               id_2970        145        145      0.861      0.856      0.928      0.876
               id_4422        140        140      0.951      0.879      0.961      0.914
               id_7007        148        148      0.964      0.893      0.964      0.925
Speed: 0.9ms preprocess, 20.8ms inference, 0.0ms loss, 1.2ms postprocess per image
