Ultralytics 8.4.175  Python-3.13.9 torch-2.14.1+cu126 CUDA:0 (NVIDIA GeForce MX150, 2048MiB)
[34m[1mengine\trainer: [0magnostic_nms=False, amp=False, angle=1.0, augment=False, auto_augment=randaugment, batch=4, bgr=0.0, box=7.5, cache=ram, cfg=None, channels_last=None, classes=None, close_mosaic=0, cls=0.5, cls_pw=0.0, cls_remap=True, compile=False, conf=None, copy_paste=0.0, copy_paste_mode=flip, cos_lr=True, cutmix=0.0, data=C:\Users\masat\Documents\GitHub\IE7615-Group3-Project1\results\milestone3\sweep\dataset_absolute.yaml, degrees=0.0, deterministic=True, device=0, dfl=1.5, dgrad=0.5, dis=6.0, distill_model=None, dlam=1.0, dlog=1.0, dnn=False, dropout=0.0, dynamic=False, embed=None, epochs=30, erasing=0.4, exist_ok=True, fliplr=0.0, flipud=0.0, format=torchscript, fraction=1.0, freeze=None, hsv_h=0.0, hsv_s=0.0, hsv_v=0.0, imgsz=640, iou=0.7, kobj=1.0, line_width=None, lr0=0.0001, lrf=0.01, mask_ratio=4, max_det=300, mixup=0.0, mode=train, model=yolov8n.pt, momentum=0.937, mosaic=0.0, multi_scale=0.0, name=lr_1e-4, nbs=64, nms=None, opset=None, optimize=False, optimizer=AdamW, overlap_mask=True, patience=10, perspective=0.0, plots=False, pose=12.0, pretrained=True, profile=False, project=C:\Users\masat\Documents\GitHub\IE7615-Group3-Project1\results\milestone3\sweep\runs, quantize=None, rect=False, resume=False, retina_masks=False, rle=1.0, save=True, save_conf=False, save_crop=False, save_dir=C:\Users\masat\Documents\GitHub\IE7615-Group3-Project1\results\milestone3\sweep\runs\lr_1e-4, save_frames=False, save_json=False, save_period=-1, save_txt=False, scale=0.0, seed=42, shear=0.0, show=False, show_boxes=True, show_conf=True, show_labels=True, simplify=True, single_cls=False, source=None, split=val, stream_buffer=False, task=detect, time=None, tracker=tracktrack.yaml, translate=0.0, val=True, verbose=True, vid_stride=1, visualize=False, warmup_bias_lr=0.1, warmup_epochs=3, warmup_momentum=0.8, weight_decay=0.0005, workers=0, workspace=None
Overriding model.yaml nc=80 with nc=4

                   from  n    params  module                                       arguments                     
  0                  -1  1       464  ultralytics.nn.modules.conv.Conv             [3, 16, 3, 2]                 
  1                  -1  1      4672  ultralytics.nn.modules.conv.Conv             [16, 32, 3, 2]                
  2                  -1  1      7360  ultralytics.nn.modules.block.C2f             [32, 32, 1, True]             
  3                  -1  1     18560  ultralytics.nn.modules.conv.Conv             [32, 64, 3, 2]                
  4                  -1  2     49664  ultralytics.nn.modules.block.C2f             [64, 64, 2, True]             
  5                  -1  1     73984  ultralytics.nn.modules.conv.Conv             [64, 128, 3, 2]               
  6                  -1  2    197632  ultralytics.nn.modules.block.C2f             [128, 128, 2, True]           
  7                  -1  1    295424  ultralytics.nn.modules.conv.Conv             [128, 256, 3, 2]              
  8                  -1  1    460288  ultralytics.nn.modules.block.C2f             [256, 256, 1, True]           
  9                  -1  1    164608  ultralytics.nn.modules.block.SPPF            [256, 256, 5]                 
 10                  -1  1         0  torch.nn.modules.upsampling.Upsample         [None, 2, 'nearest']          
 11             [-1, 6]  1         0  ultralytics.nn.modules.conv.Concat           [1]                           
 12                  -1  1    148224  ultralytics.nn.modules.block.C2f             [384, 128, 1]                 
 13                  -1  1         0  torch.nn.modules.upsampling.Upsample         [None, 2, 'nearest']          
 14             [-1, 4]  1         0  ultralytics.nn.modules.conv.Concat           [1]                           
 15                  -1  1     37248  ultralytics.nn.modules.block.C2f             [192, 64, 1]                  
 16                  -1  1     36992  ultralytics.nn.modules.conv.Conv             [64, 64, 3, 2]                
 17            [-1, 12]  1         0  ultralytics.nn.modules.conv.Concat           [1]                           
 18                  -1  1    123648  ultralytics.nn.modules.block.C2f             [192, 128, 1]                 
 19                  -1  1    147712  ultralytics.nn.modules.conv.Conv             [128, 128, 3, 2]              
 20             [-1, 9]  1         0  ultralytics.nn.modules.conv.Concat           [1]                           
 21                  -1  1    493056  ultralytics.nn.modules.block.C2f             [384, 256, 1]                 
 22        [15, 18, 21]  1    752092  ultralytics.nn.modules.head.Detect           [4, 16, None, [64, 128, 256]] 
Model summary: 129 layers, 3,011,628 parameters, 3,011,612 gradients, 8.2 GFLOPs

Transferred 349/355 items from pretrained weights
Freezing layer 'model.22.dfl.conv.weight'
[34m[1mtrain: [0mFast image access  (ping: 0.10.0 ms, read: 105.726.1 MB/s, size: 80.4 KB)

[34m[1mtrain: [0mScanning C:\Users\masat\Documents\GitHub\IE7615-Group3-Project1\data\detection\labels\train.cache... 600 images, 0 backgrounds, 0 corrupt: 100% ━━━━━━━━━━━━ 600/600 52.4Mit/s 0.0s
WARNING cache='ram' may produce non-deterministic training results. Consider cache='disk' as a deterministic alternative if your disk space allows.

[34m[1mtrain: [0mCaching images (0.7GB RAM): 100% ━━━━━━━━━━━━ 600/600 791.8it/s 0.8s
[34m[1mval: [0mFast image access  (ping: 0.10.0 ms, read: 143.823.5 MB/s, size: 92.8 KB)

[34m[1mval: [0mScanning C:\Users\masat\Documents\GitHub\IE7615-Group3-Project1\data\detection\labels\val.cache... 200 images, 0 backgrounds, 0 corrupt: 100% ━━━━━━━━━━━━ 200/200 44.2Mit/s 0.0s
WARNING cache='ram' may produce non-deterministic training results. Consider cache='disk' as a deterministic alternative if your disk space allows.

[34m[1mval: [0mCaching images (0.2GB RAM): 100% ━━━━━━━━━━━━ 200/200 839.6it/s 0.2s
[34m[1moptimizer:[0m AdamW(lr=0.0001, momentum=0.937) with parameter groups 57 weight(decay=0.0), 64 weight(decay=0.0005), 63 bias(decay=0.0)
Using 600 train, 200 val images for fraction=1.0 at imgsz=640
Using 0 dataloader workers
Logging results to [1mC:\Users\masat\Documents\GitHub\IE7615-Group3-Project1\results\milestone3\sweep\runs\lr_1e-4[0m
Starting training for 30 epochs...

      Epoch    GPU_mem   box_loss   cls_loss   dfl_loss  Instances       Size

       1/30      1.05G     0.6199      1.728      1.096         10        640: 100% ━━━━━━━━━━━━ 150/150 2.0it/s 1:15

                 Class     Images  Instances      Box(P          R      mAP50  mAP50-95): 100% ━━━━━━━━━━━━ 25/25 3.9it/s 6.4s
                   all        200        564       0.33       0.72      0.401      0.345

      Epoch    GPU_mem   box_loss   cls_loss   dfl_loss  Instances       Size

       2/30      1.05G     0.4733      1.083     0.9997         13        640: 100% ━━━━━━━━━━━━ 150/150 2.1it/s 1:13

                 Class     Images  Instances      Box(P          R      mAP50  mAP50-95): 100% ━━━━━━━━━━━━ 25/25 3.4it/s 7.4s
                   all        200        564        0.5      0.722      0.595      0.518

      Epoch    GPU_mem   box_loss   cls_loss   dfl_loss  Instances       Size

       3/30      1.05G     0.4224     0.7702     0.9588          9        640: 100% ━━━━━━━━━━━━ 150/150 1.6it/s 1:31

                 Class     Images  Instances      Box(P          R      mAP50  mAP50-95): 100% ━━━━━━━━━━━━ 25/25 3.4it/s 7.4s
                   all        200        564      0.592      0.727      0.722      0.648

      Epoch    GPU_mem   box_loss   cls_loss   dfl_loss  Instances       Size

       4/30      1.05G      0.378      0.579     0.9274         14        640: 100% ━━━━━━━━━━━━ 150/150 1.7it/s 1:29

                 Class     Images  Instances      Box(P          R      mAP50  mAP50-95): 100% ━━━━━━━━━━━━ 25/25 3.9it/s 6.4s
                   all        200        564       0.71      0.738      0.788      0.717

      Epoch    GPU_mem   box_loss   cls_loss   dfl_loss  Instances       Size

       5/30      1.05G      0.352     0.4685     0.9073         11        640: 100% ━━━━━━━━━━━━ 150/150 2.1it/s 1:11

                 Class     Images  Instances      Box(P          R      mAP50  mAP50-95): 100% ━━━━━━━━━━━━ 25/25 4.0it/s 6.3s
                   all        200        564      0.793      0.748      0.838      0.767

      Epoch    GPU_mem   box_loss   cls_loss   dfl_loss  Instances       Size

       6/30      1.05G     0.3175      0.395      0.887         10        640: 100% ━━━━━━━━━━━━ 150/150 2.1it/s 1:12

                 Class     Images  Instances      Box(P          R      mAP50  mAP50-95): 100% ━━━━━━━━━━━━ 25/25 4.0it/s 6.3s
                   all        200        564      0.811      0.786      0.881      0.809

      Epoch    GPU_mem   box_loss   cls_loss   dfl_loss  Instances       Size

       7/30      1.05G      0.301     0.3486     0.8744         11        640: 100% ━━━━━━━━━━━━ 150/150 1.4it/s 1:50

                 Class     Images  Instances      Box(P          R      mAP50  mAP50-95): 100% ━━━━━━━━━━━━ 25/25 2.3it/s 10.8s
                   all        200        564      0.766      0.814      0.872      0.799

      Epoch    GPU_mem   box_loss   cls_loss   dfl_loss  Instances       Size

       8/30      1.05G     0.2803       0.32     0.8632         14        640: 100% ━━━━━━━━━━━━ 150/150 1.4it/s 1:45

                 Class     Images  Instances      Box(P          R      mAP50  mAP50-95): 100% ━━━━━━━━━━━━ 25/25 4.0it/s 6.2s
                   all        200        564      0.816      0.812      0.893      0.824

      Epoch    GPU_mem   box_loss   cls_loss   dfl_loss  Instances       Size

       9/30      1.05G     0.2621     0.2947     0.8526         10        640: 100% ━━━━━━━━━━━━ 150/150 2.1it/s 1:12

                 Class     Images  Instances      Box(P          R      mAP50  mAP50-95): 100% ━━━━━━━━━━━━ 25/25 4.1it/s 6.2s
                   all        200        564      0.827      0.822      0.896      0.831

      Epoch    GPU_mem   box_loss   cls_loss   dfl_loss  Instances       Size

      10/30      1.05G     0.2384     0.2758     0.8377          7        640: 100% ━━━━━━━━━━━━ 150/150 2.1it/s 1:12

                 Class     Images  Instances      Box(P          R      mAP50  mAP50-95): 100% ━━━━━━━━━━━━ 25/25 4.0it/s 6.3s
                   all        200        564      0.797      0.828      0.887      0.819

      Epoch    GPU_mem   box_loss   cls_loss   dfl_loss  Instances       Size

      11/30      1.05G     0.2239     0.2601     0.8309         10        640: 100% ━━━━━━━━━━━━ 150/150 1.7it/s 1:29

                 Class     Images  Instances      Box(P          R      mAP50  mAP50-95): 100% ━━━━━━━━━━━━ 25/25 2.8it/s 8.9s
                   all        200        564      0.766      0.842      0.884      0.819

      Epoch    GPU_mem   box_loss   cls_loss   dfl_loss  Instances       Size

      12/30      1.05G     0.2136     0.2519     0.8278         10        640: 100% ━━━━━━━━━━━━ 150/150 1.2it/s 2:08

                 Class     Images  Instances      Box(P          R      mAP50  mAP50-95): 100% ━━━━━━━━━━━━ 25/25 2.1it/s 12.2s
                   all        200        564      0.817      0.833        0.9      0.839

      Epoch    GPU_mem   box_loss   cls_loss   dfl_loss  Instances       Size

      13/30      1.05G     0.1994     0.2388     0.8187         12        640: 100% ━━━━━━━━━━━━ 150/150 1.9it/s 1:19

                 Class     Images  Instances      Box(P          R      mAP50  mAP50-95): 100% ━━━━━━━━━━━━ 25/25 3.9it/s 6.4s
                   all        200        564      0.843      0.836      0.907      0.841

      Epoch    GPU_mem   box_loss   cls_loss   dfl_loss  Instances       Size

      14/30      1.05G     0.1959     0.2323     0.8172         11        640: 100% ━━━━━━━━━━━━ 150/150 2.0it/s 1:14

                 Class     Images  Instances      Box(P          R      mAP50  mAP50-95): 100% ━━━━━━━━━━━━ 25/25 4.0it/s 6.3s
                   all        200        564      0.851      0.822      0.907      0.843

      Epoch    GPU_mem   box_loss   cls_loss   dfl_loss  Instances       Size

      15/30      1.05G     0.1852     0.2194     0.8121         10        640: 100% ━━━━━━━━━━━━ 150/150 2.0it/s 1:15

                 Class     Images  Instances      Box(P          R      mAP50  mAP50-95): 100% ━━━━━━━━━━━━ 25/25 3.9it/s 6.5s
                   all        200        564      0.794      0.874      0.909      0.846

      Epoch    GPU_mem   box_loss   cls_loss   dfl_loss  Instances       Size

      16/30      1.05G     0.1766     0.2142     0.8101         13        640: 100% ━━━━━━━━━━━━ 150/150 1.3it/s 1:56

                 Class     Images  Instances      Box(P          R      mAP50  mAP50-95): 100% ━━━━━━━━━━━━ 25/25 2.6it/s 9.7s
                   all        200        564      0.826      0.828      0.901       0.84

      Epoch    GPU_mem   box_loss   cls_loss   dfl_loss  Instances       Size

      17/30      1.05G     0.1731     0.2104     0.8078         12        640: 100% ━━━━━━━━━━━━ 150/150 1.4it/s 1:44

                 Class     Images  Instances      Box(P          R      mAP50  mAP50-95): 100% ━━━━━━━━━━━━ 25/25 3.5it/s 7.2s
                   all        200        564      0.835      0.836      0.905      0.845

      Epoch    GPU_mem   box_loss   cls_loss   dfl_loss  Instances       Size

      18/30      1.05G     0.1626      0.202     0.8045         10        640: 100% ━━━━━━━━━━━━ 150/150 1.8it/s 1:25

                 Class     Images  Instances      Box(P          R      mAP50  mAP50-95): 100% ━━━━━━━━━━━━ 25/25 2.7it/s 9.1s
                   all        200        564      0.831      0.842      0.902      0.845

      Epoch    GPU_mem   box_loss   cls_loss   dfl_loss  Instances       Size

      19/30      1.05G     0.1582     0.1981     0.8026         13        640: 100% ━━━━━━━━━━━━ 150/150 1.8it/s 1:21

                 Class     Images  Instances      Box(P          R      mAP50  mAP50-95): 100% ━━━━━━━━━━━━ 25/25 3.9it/s 6.5s
                   all        200        564       0.79      0.864      0.888       0.83

      Epoch    GPU_mem   box_loss   cls_loss   dfl_loss  Instances       Size

      20/30      1.05G     0.1544      0.192     0.8026         12        640: 100% ━━━━━━━━━━━━ 150/150 1.8it/s 1:23

                 Class     Images  Instances      Box(P          R      mAP50  mAP50-95): 100% ━━━━━━━━━━━━ 25/25 2.5it/s 10.1s
                   all        200        564      0.821      0.823      0.899      0.839

      Epoch    GPU_mem   box_loss   cls_loss   dfl_loss  Instances       Size

      21/30      1.05G     0.1459     0.1865      0.799         13        640: 100% ━━━━━━━━━━━━ 150/150 1.2it/s 2:09

                 Class     Images  Instances      Box(P          R      mAP50  mAP50-95): 100% ━━━━━━━━━━━━ 25/25 3.3it/s 7.7s
                   all        200        564      0.826       0.83      0.902      0.842

      Epoch    GPU_mem   box_loss   cls_loss   dfl_loss  Instances       Size

      22/30      1.05G     0.1446     0.1834     0.7987         12        640: 100% ━━━━━━━━━━━━ 150/150 2.0it/s 1:16

                 Class     Images  Instances      Box(P          R      mAP50  mAP50-95): 100% ━━━━━━━━━━━━ 25/25 3.9it/s 6.5s
                   all        200        564      0.832      0.832        0.9       0.84

      Epoch    GPU_mem   box_loss   cls_loss   dfl_loss  Instances       Size

      23/30      1.05G     0.1403      0.182      0.798         11        640: 100% ━━━━━━━━━━━━ 150/150 2.1it/s 1:13

                 Class     Images  Instances      Box(P          R      mAP50  mAP50-95): 100% ━━━━━━━━━━━━ 25/25 3.9it/s 6.4s
                   all        200        564      0.804      0.855      0.898      0.839

      Epoch    GPU_mem   box_loss   cls_loss   dfl_loss  Instances       Size

      24/30      1.05G     0.1357     0.1772     0.7958         13        640: 100% ━━━━━━━━━━━━ 150/150 2.0it/s 1:15

                 Class     Images  Instances      Box(P          R      mAP50  mAP50-95): 100% ━━━━━━━━━━━━ 25/25 3.8it/s 6.6s
                   all        200        564      0.825      0.846      0.898      0.839

      Epoch    GPU_mem   box_loss   cls_loss   dfl_loss  Instances       Size

      25/30      1.05G     0.1333     0.1753     0.7962          7        640: 100% ━━━━━━━━━━━━ 150/150 1.3it/s 1:56

                 Class     Images  Instances      Box(P          R      mAP50  mAP50-95): 100% ━━━━━━━━━━━━ 25/25 2.3it/s 10.8s
                   all        200        564      0.837      0.831      0.899       0.84
[34m[1mEarlyStopping: [0mTraining stopped early as no improvement observed in last 10 epochs. Best results observed at epoch 15, best model saved as best.pt.
To update EarlyStopping(patience=10) pass a new patience value, i.e. `patience=300` or use `patience=0` to disable EarlyStopping.

25 epochs completed in 0.674 hours.
Optimizer stripped from C:\Users\masat\Documents\GitHub\IE7615-Group3-Project1\results\milestone3\sweep\runs\lr_1e-4\weights\last.pt, 6.5MB
Optimizer stripped from C:\Users\masat\Documents\GitHub\IE7615-Group3-Project1\results\milestone3\sweep\runs\lr_1e-4\weights\best.pt, 6.5MB

Validating C:\Users\masat\Documents\GitHub\IE7615-Group3-Project1\results\milestone3\sweep\runs\lr_1e-4\weights\best.pt...
Ultralytics 8.4.175  Python-3.13.9 torch-2.14.1+cu126 CUDA:0 (NVIDIA GeForce MX150, 2048MiB)
Model summary (fused): 73 layers, 3,133,436 parameters, 0 gradients, 8.6 GFLOPs

                 Class     Images  Instances      Box(P          R      mAP50  mAP50-95): 100% ━━━━━━━━━━━━ 25/25 3.2it/s 7.9s
                   all        200        564      0.795      0.873      0.909      0.846
               id_2336        131        131      0.895      0.906      0.954      0.884
               id_2970        145        145      0.863      0.825      0.923      0.836
               id_4422        140        140       0.74      0.893       0.89      0.846
               id_7007        148        148      0.682      0.869      0.868      0.818
Speed: 1.1ms preprocess, 31.4ms inference, 0.0ms loss, 1.6ms postprocess per image
