Ultralytics 8.4.175  Python-3.13.9 torch-2.14.1+cu126 CUDA:0 (NVIDIA GeForce MX150, 2048MiB)
[34m[1mengine\trainer: [0magnostic_nms=False, amp=False, angle=1.0, augment=False, auto_augment=randaugment, batch=4, bgr=0.0, box=7.5, cache=ram, cfg=None, channels_last=None, classes=None, close_mosaic=0, cls=0.5, cls_pw=0.0, cls_remap=True, compile=False, conf=None, copy_paste=0.0, copy_paste_mode=flip, cos_lr=True, cutmix=0.0, data=C:\Users\masat\Documents\GitHub\IE7615-Group3-Project1\results\milestone3\sweep\dataset_absolute.yaml, degrees=0.0, deterministic=True, device=0, dfl=1.5, dgrad=0.5, dis=6.0, distill_model=None, dlam=1.0, dlog=1.0, dnn=False, dropout=0.0, dynamic=False, embed=None, epochs=30, erasing=0.4, exist_ok=True, fliplr=0.0, flipud=0.0, format=torchscript, fraction=1.0, freeze=None, hsv_h=0.0, hsv_s=0.0, hsv_v=0.0, imgsz=320, iou=0.7, kobj=1.0, line_width=None, lr0=0.001, lrf=0.01, mask_ratio=4, max_det=300, mixup=0.0, mode=train, model=yolov8n.pt, momentum=0.937, mosaic=0.0, multi_scale=0.0, name=imgsz_320, nbs=64, nms=None, opset=None, optimize=False, optimizer=AdamW, overlap_mask=True, patience=10, perspective=0.0, plots=False, pose=12.0, pretrained=True, profile=False, project=C:\Users\masat\Documents\GitHub\IE7615-Group3-Project1\results\milestone3\sweep\runs, quantize=None, rect=False, resume=False, retina_masks=False, rle=1.0, save=True, save_conf=False, save_crop=False, save_dir=C:\Users\masat\Documents\GitHub\IE7615-Group3-Project1\results\milestone3\sweep\runs\imgsz_320, save_frames=False, save_json=False, save_period=-1, save_txt=False, scale=0.0, seed=42, shear=0.0, show=False, show_boxes=True, show_conf=True, show_labels=True, simplify=True, single_cls=False, source=None, split=val, stream_buffer=False, task=detect, time=None, tracker=tracktrack.yaml, translate=0.0, val=True, verbose=True, vid_stride=1, visualize=False, warmup_bias_lr=0.1, warmup_epochs=3, warmup_momentum=0.8, weight_decay=0.0005, workers=0, workspace=None
Overriding model.yaml nc=80 with nc=4

                   from  n    params  module                                       arguments                     
  0                  -1  1       464  ultralytics.nn.modules.conv.Conv             [3, 16, 3, 2]                 
  1                  -1  1      4672  ultralytics.nn.modules.conv.Conv             [16, 32, 3, 2]                
  2                  -1  1      7360  ultralytics.nn.modules.block.C2f             [32, 32, 1, True]             
  3                  -1  1     18560  ultralytics.nn.modules.conv.Conv             [32, 64, 3, 2]                
  4                  -1  2     49664  ultralytics.nn.modules.block.C2f             [64, 64, 2, True]             
  5                  -1  1     73984  ultralytics.nn.modules.conv.Conv             [64, 128, 3, 2]               
  6                  -1  2    197632  ultralytics.nn.modules.block.C2f             [128, 128, 2, True]           
  7                  -1  1    295424  ultralytics.nn.modules.conv.Conv             [128, 256, 3, 2]              
  8                  -1  1    460288  ultralytics.nn.modules.block.C2f             [256, 256, 1, True]           
  9                  -1  1    164608  ultralytics.nn.modules.block.SPPF            [256, 256, 5]                 
 10                  -1  1         0  torch.nn.modules.upsampling.Upsample         [None, 2, 'nearest']          
 11             [-1, 6]  1         0  ultralytics.nn.modules.conv.Concat           [1]                           
 12                  -1  1    148224  ultralytics.nn.modules.block.C2f             [384, 128, 1]                 
 13                  -1  1         0  torch.nn.modules.upsampling.Upsample         [None, 2, 'nearest']          
 14             [-1, 4]  1         0  ultralytics.nn.modules.conv.Concat           [1]                           
 15                  -1  1     37248  ultralytics.nn.modules.block.C2f             [192, 64, 1]                  
 16                  -1  1     36992  ultralytics.nn.modules.conv.Conv             [64, 64, 3, 2]                
 17            [-1, 12]  1         0  ultralytics.nn.modules.conv.Concat           [1]                           
 18                  -1  1    123648  ultralytics.nn.modules.block.C2f             [192, 128, 1]                 
 19                  -1  1    147712  ultralytics.nn.modules.conv.Conv             [128, 128, 3, 2]              
 20             [-1, 9]  1         0  ultralytics.nn.modules.conv.Concat           [1]                           
 21                  -1  1    493056  ultralytics.nn.modules.block.C2f             [384, 256, 1]                 
 22        [15, 18, 21]  1    752092  ultralytics.nn.modules.head.Detect           [4, 16, None, [64, 128, 256]] 
Model summary: 129 layers, 3,011,628 parameters, 3,011,612 gradients, 8.2 GFLOPs

Transferred 349/355 items from pretrained weights
Freezing layer 'model.22.dfl.conv.weight'
[34m[1mtrain: [0mFast image access  (ping: 0.10.0 ms, read: 314.798.9 MB/s, size: 80.4 KB)

[34m[1mtrain: [0mScanning C:\Users\masat\Documents\GitHub\IE7615-Group3-Project1\data\detection\labels\train.cache... 600 images, 0 backgrounds, 0 corrupt: 100% ━━━━━━━━━━━━ 600/600 139.8Mit/s 0.0s
WARNING cache='ram' may produce non-deterministic training results. Consider cache='disk' as a deterministic alternative if your disk space allows.

[34m[1mtrain: [0mCaching images (0.2GB RAM): 100% ━━━━━━━━━━━━ 600/600 1.2Kit/s 0.5s
[34m[1mval: [0mFast image access  (ping: 0.10.0 ms, read: 386.570.2 MB/s, size: 92.8 KB)

[34m[1mval: [0mScanning C:\Users\masat\Documents\GitHub\IE7615-Group3-Project1\data\detection\labels\val.cache... 200 images, 0 backgrounds, 0 corrupt: 100% ━━━━━━━━━━━━ 200/200 69.9Mit/s 0.0s
WARNING cache='ram' may produce non-deterministic training results. Consider cache='disk' as a deterministic alternative if your disk space allows.

[34m[1mval: [0mCaching images (0.1GB RAM): 100% ━━━━━━━━━━━━ 200/200 1.1Kit/s 0.2s
[34m[1moptimizer:[0m AdamW(lr=0.001, momentum=0.937) with parameter groups 57 weight(decay=0.0), 64 weight(decay=0.0005), 63 bias(decay=0.0)
Using 600 train, 200 val images for fraction=1.0 at imgsz=320
Using 0 dataloader workers
Logging results to [1mC:\Users\masat\Documents\GitHub\IE7615-Group3-Project1\results\milestone3\sweep\runs\imgsz_320[0m
Starting training for 30 epochs...

      Epoch    GPU_mem   box_loss   cls_loss   dfl_loss  Instances       Size

       1/30     0.377G     0.7041      1.438     0.9702         10        320: 100% ━━━━━━━━━━━━ 150/150 6.0it/s 25.0s

                 Class     Images  Instances      Box(P          R      mAP50  mAP50-95): 100% ━━━━━━━━━━━━ 25/25 9.4it/s 2.6s
                   all        200        564       0.51      0.486      0.407      0.338

      Epoch    GPU_mem   box_loss   cls_loss   dfl_loss  Instances       Size

       2/30     0.377G     0.5819      0.731     0.9075         13        320: 100% ━━━━━━━━━━━━ 150/150 6.2it/s 24.2s

                 Class     Images  Instances      Box(P          R      mAP50  mAP50-95): 100% ━━━━━━━━━━━━ 25/25 9.5it/s 2.6s
                   all        200        564      0.691      0.712      0.766       0.64

      Epoch    GPU_mem   box_loss   cls_loss   dfl_loss  Instances       Size

       3/30     0.377G     0.5079     0.5125     0.8781          9        320: 100% ━━━━━━━━━━━━ 150/150 6.1it/s 24.4s

                 Class     Images  Instances      Box(P          R      mAP50  mAP50-95): 100% ━━━━━━━━━━━━ 25/25 9.4it/s 2.7s
                   all        200        564      0.809      0.756      0.862      0.732

      Epoch    GPU_mem   box_loss   cls_loss   dfl_loss  Instances       Size

       4/30     0.377G     0.4446     0.4052     0.8525         14        320: 100% ━━━━━━━━━━━━ 150/150 6.1it/s 24.6s

                 Class     Images  Instances      Box(P          R      mAP50  mAP50-95): 100% ━━━━━━━━━━━━ 25/25 9.5it/s 2.6s
                   all        200        564        0.8      0.724      0.824      0.714

      Epoch    GPU_mem   box_loss   cls_loss   dfl_loss  Instances       Size

       5/30     0.377G     0.4126     0.3718     0.8411         11        320: 100% ━━━━━━━━━━━━ 150/150 6.1it/s 24.6s

                 Class     Images  Instances      Box(P          R      mAP50  mAP50-95): 100% ━━━━━━━━━━━━ 25/25 9.2it/s 2.7s
                   all        200        564      0.789      0.783      0.862      0.739

      Epoch    GPU_mem   box_loss   cls_loss   dfl_loss  Instances       Size

       6/30     0.377G      0.385     0.3349     0.8274         10        320: 100% ━━━━━━━━━━━━ 150/150 6.1it/s 24.5s

                 Class     Images  Instances      Box(P          R      mAP50  mAP50-95): 100% ━━━━━━━━━━━━ 25/25 9.4it/s 2.7s
                   all        200        564      0.818      0.821      0.892      0.767

      Epoch    GPU_mem   box_loss   cls_loss   dfl_loss  Instances       Size

       7/30     0.377G     0.3823     0.3136     0.8264         11        320: 100% ━━━━━━━━━━━━ 150/150 5.9it/s 25.6s

                 Class     Images  Instances      Box(P          R      mAP50  mAP50-95): 100% ━━━━━━━━━━━━ 25/25 8.3it/s 3.0s
                   all        200        564      0.888      0.834      0.921      0.815

      Epoch    GPU_mem   box_loss   cls_loss   dfl_loss  Instances       Size

       8/30     0.377G     0.3805      0.304      0.823         14        320: 100% ━━━━━━━━━━━━ 150/150 4.2it/s 35.9s

                 Class     Images  Instances      Box(P          R      mAP50  mAP50-95): 100% ━━━━━━━━━━━━ 25/25 6.9it/s 3.6s
                   all        200        564      0.839      0.822      0.874       0.76

      Epoch    GPU_mem   box_loss   cls_loss   dfl_loss  Instances       Size

       9/30     0.377G     0.3368     0.2793     0.8129         10        320: 100% ━━━━━━━━━━━━ 150/150 4.3it/s 35.3s

                 Class     Images  Instances      Box(P          R      mAP50  mAP50-95): 100% ━━━━━━━━━━━━ 25/25 7.8it/s 3.2s
                   all        200        564      0.904      0.851      0.937      0.836

      Epoch    GPU_mem   box_loss   cls_loss   dfl_loss  Instances       Size

      10/30     0.377G     0.2964     0.2524     0.8027          7        320: 100% ━━━━━━━━━━━━ 150/150 3.7it/s 40.4s

                 Class     Images  Instances      Box(P          R      mAP50  mAP50-95): 100% ━━━━━━━━━━━━ 25/25 6.2it/s 4.0s
                   all        200        564       0.91      0.883       0.95      0.854

      Epoch    GPU_mem   box_loss   cls_loss   dfl_loss  Instances       Size

      11/30     0.377G      0.272     0.2281      0.797         10        320: 100% ━━━━━━━━━━━━ 150/150 4.1it/s 36.6s

                 Class     Images  Instances      Box(P          R      mAP50  mAP50-95): 100% ━━━━━━━━━━━━ 25/25 7.5it/s 3.3s
                   all        200        564      0.901      0.854      0.947      0.854

      Epoch    GPU_mem   box_loss   cls_loss   dfl_loss  Instances       Size

      12/30     0.377G     0.2607     0.2182     0.7946         10        320: 100% ━━━━━━━━━━━━ 150/150 5.3it/s 28.1s

                 Class     Images  Instances      Box(P          R      mAP50  mAP50-95): 100% ━━━━━━━━━━━━ 25/25 9.2it/s 2.7s
                   all        200        564       0.95      0.865      0.961      0.864

      Epoch    GPU_mem   box_loss   cls_loss   dfl_loss  Instances       Size

      13/30     0.377G     0.2396     0.2067     0.7912         12        320: 100% ━━━━━━━━━━━━ 150/150 6.1it/s 24.6s

                 Class     Images  Instances      Box(P          R      mAP50  mAP50-95): 100% ━━━━━━━━━━━━ 25/25 8.9it/s 2.8s
                   all        200        564      0.938       0.92      0.971      0.879

      Epoch    GPU_mem   box_loss   cls_loss   dfl_loss  Instances       Size

      14/30     0.377G     0.2263      0.197     0.7879         11        320: 100% ━━━━━━━━━━━━ 150/150 6.1it/s 24.4s

                 Class     Images  Instances      Box(P          R      mAP50  mAP50-95): 100% ━━━━━━━━━━━━ 25/25 9.3it/s 2.7s
                   all        200        564        0.9      0.854      0.946      0.852

      Epoch    GPU_mem   box_loss   cls_loss   dfl_loss  Instances       Size

      15/30     0.377G     0.2179     0.1924     0.7855         10        320: 100% ━━━━━━━━━━━━ 150/150 6.1it/s 24.7s

                 Class     Images  Instances      Box(P          R      mAP50  mAP50-95): 100% ━━━━━━━━━━━━ 25/25 9.3it/s 2.7s
                   all        200        564      0.921      0.893      0.961      0.862

      Epoch    GPU_mem   box_loss   cls_loss   dfl_loss  Instances       Size

      16/30     0.377G     0.1959      0.178     0.7839         13        320: 100% ━━━━━━━━━━━━ 150/150 5.8it/s 25.9s

                 Class     Images  Instances      Box(P          R      mAP50  mAP50-95): 100% ━━━━━━━━━━━━ 25/25 9.3it/s 2.7s
                   all        200        564      0.932      0.873      0.959      0.867

      Epoch    GPU_mem   box_loss   cls_loss   dfl_loss  Instances       Size

      17/30     0.377G     0.1841     0.1707     0.7821         12        320: 100% ━━━━━━━━━━━━ 150/150 6.1it/s 24.5s

                 Class     Images  Instances      Box(P          R      mAP50  mAP50-95): 100% ━━━━━━━━━━━━ 25/25 9.3it/s 2.7s
                   all        200        564      0.925       0.88       0.96      0.863

      Epoch    GPU_mem   box_loss   cls_loss   dfl_loss  Instances       Size

      18/30     0.377G     0.1745     0.1651     0.7794         10        320: 100% ━━━━━━━━━━━━ 150/150 6.1it/s 24.5s

                 Class     Images  Instances      Box(P          R      mAP50  mAP50-95): 100% ━━━━━━━━━━━━ 25/25 9.3it/s 2.7s
                   all        200        564      0.927      0.882      0.954       0.87

      Epoch    GPU_mem   box_loss   cls_loss   dfl_loss  Instances       Size

      19/30     0.377G     0.1629     0.1546     0.7793         13        320: 100% ━━━━━━━━━━━━ 150/150 6.0it/s 25.0s

                 Class     Images  Instances      Box(P          R      mAP50  mAP50-95): 100% ━━━━━━━━━━━━ 25/25 9.4it/s 2.7s
                   all        200        564      0.933      0.883      0.959      0.876

      Epoch    GPU_mem   box_loss   cls_loss   dfl_loss  Instances       Size

      20/30     0.377G     0.1528     0.1458     0.7774         12        320: 100% ━━━━━━━━━━━━ 150/150 6.1it/s 24.5s

                 Class     Images  Instances      Box(P          R      mAP50  mAP50-95): 100% ━━━━━━━━━━━━ 25/25 9.3it/s 2.7s
                   all        200        564      0.939      0.892      0.964      0.868

      Epoch    GPU_mem   box_loss   cls_loss   dfl_loss  Instances       Size

      21/30     0.377G     0.1403     0.1344     0.7761         13        320: 100% ━━━━━━━━━━━━ 150/150 5.5it/s 27.3s

                 Class     Images  Instances      Box(P          R      mAP50  mAP50-95): 100% ━━━━━━━━━━━━ 25/25 8.0it/s 3.1s
                   all        200        564      0.955      0.872      0.962      0.868

      Epoch    GPU_mem   box_loss   cls_loss   dfl_loss  Instances       Size

      22/30     0.377G      0.132     0.1298     0.7754         12        320: 100% ━━━━━━━━━━━━ 150/150 3.8it/s 39.1s

                 Class     Images  Instances      Box(P          R      mAP50  mAP50-95): 100% ━━━━━━━━━━━━ 25/25 8.1it/s 3.1s
                   all        200        564      0.939      0.883      0.963      0.869

      Epoch    GPU_mem   box_loss   cls_loss   dfl_loss  Instances       Size

      23/30     0.377G     0.1251     0.1248     0.7748         11        320: 100% ━━━━━━━━━━━━ 150/150 4.4it/s 34.5s

                 Class     Images  Instances      Box(P          R      mAP50  mAP50-95): 100% ━━━━━━━━━━━━ 25/25 5.0it/s 5.0s
                   all        200        564       0.94      0.888      0.961      0.866
[34m[1mEarlyStopping: [0mTraining stopped early as no improvement observed in last 10 epochs. Best results observed at epoch 13, best model saved as best.pt.
To update EarlyStopping(patience=10) pass a new patience value, i.e. `patience=300` or use `patience=0` to disable EarlyStopping.

23 epochs completed in 0.203 hours.
Optimizer stripped from C:\Users\masat\Documents\GitHub\IE7615-Group3-Project1\results\milestone3\sweep\runs\imgsz_320\weights\last.pt, 6.5MB
Optimizer stripped from C:\Users\masat\Documents\GitHub\IE7615-Group3-Project1\results\milestone3\sweep\runs\imgsz_320\weights\best.pt, 6.5MB

Validating C:\Users\masat\Documents\GitHub\IE7615-Group3-Project1\results\milestone3\sweep\runs\imgsz_320\weights\best.pt...
Ultralytics 8.4.175  Python-3.13.9 torch-2.14.1+cu126 CUDA:0 (NVIDIA GeForce MX150, 2048MiB)
Model summary (fused): 73 layers, 3,133,436 parameters, 0 gradients, 8.6 GFLOPs

                 Class     Images  Instances      Box(P          R      mAP50  mAP50-95): 100% ━━━━━━━━━━━━ 25/25 8.5it/s 2.9s
                   all        200        564      0.939      0.919      0.971      0.879
               id_2336        131        131      0.923      0.962      0.985      0.892
               id_2970        145        145      0.957       0.91      0.957       0.87
               id_4422        140        140       0.89      0.929      0.962      0.884
               id_7007        148        148      0.985      0.877       0.98       0.87
Speed: 0.3ms preprocess, 10.0ms inference, 0.0ms loss, 1.4ms postprocess per image
