Ultralytics 8.4.175  Python-3.13.9 torch-2.14.1+cu126 CUDA:0 (NVIDIA GeForce MX150, 2048MiB)
[34m[1mengine\trainer: [0magnostic_nms=False, amp=False, angle=1.0, augment=False, auto_augment=randaugment, batch=4, bgr=0.0, box=7.5, cache=ram, cfg=None, channels_last=None, classes=None, close_mosaic=0, cls=0.5, cls_pw=0.0, cls_remap=True, compile=False, conf=None, copy_paste=0.0, copy_paste_mode=flip, cos_lr=True, cutmix=0.0, data=C:\Users\masat\Documents\GitHub\IE7615-Group3-Project1\results\milestone3\sweep\dataset_absolute.yaml, degrees=0.0, deterministic=True, device=0, dfl=1.5, dgrad=0.5, dis=6.0, distill_model=None, dlam=1.0, dlog=1.0, dnn=False, dropout=0.0, dynamic=False, embed=None, epochs=30, erasing=0.4, exist_ok=True, fliplr=0.5, flipud=0.0, format=torchscript, fraction=1.0, freeze=None, hsv_h=0.015, hsv_s=0.4, hsv_v=0.3, imgsz=640, iou=0.7, kobj=1.0, line_width=None, lr0=0.001, lrf=0.01, mask_ratio=4, max_det=300, mixup=0.0, mode=train, model=yolov8n.pt, momentum=0.937, mosaic=0.0, multi_scale=0.0, name=aug_light, nbs=64, nms=None, opset=None, optimize=False, optimizer=AdamW, overlap_mask=True, patience=10, perspective=0.0, plots=False, pose=12.0, pretrained=True, profile=False, project=C:\Users\masat\Documents\GitHub\IE7615-Group3-Project1\results\milestone3\sweep\runs, quantize=None, rect=False, resume=False, retina_masks=False, rle=1.0, save=True, save_conf=False, save_crop=False, save_dir=C:\Users\masat\Documents\GitHub\IE7615-Group3-Project1\results\milestone3\sweep\runs\aug_light, save_frames=False, save_json=False, save_period=-1, save_txt=False, scale=0.25, seed=42, shear=0.0, show=False, show_boxes=True, show_conf=True, show_labels=True, simplify=True, single_cls=False, source=None, split=val, stream_buffer=False, task=detect, time=None, tracker=tracktrack.yaml, translate=0.1, val=True, verbose=True, vid_stride=1, visualize=False, warmup_bias_lr=0.1, warmup_epochs=3, warmup_momentum=0.8, weight_decay=0.0005, workers=0, workspace=None
Overriding model.yaml nc=80 with nc=4

                   from  n    params  module                                       arguments                     
  0                  -1  1       464  ultralytics.nn.modules.conv.Conv             [3, 16, 3, 2]                 
  1                  -1  1      4672  ultralytics.nn.modules.conv.Conv             [16, 32, 3, 2]                
  2                  -1  1      7360  ultralytics.nn.modules.block.C2f             [32, 32, 1, True]             
  3                  -1  1     18560  ultralytics.nn.modules.conv.Conv             [32, 64, 3, 2]                
  4                  -1  2     49664  ultralytics.nn.modules.block.C2f             [64, 64, 2, True]             
  5                  -1  1     73984  ultralytics.nn.modules.conv.Conv             [64, 128, 3, 2]               
  6                  -1  2    197632  ultralytics.nn.modules.block.C2f             [128, 128, 2, True]           
  7                  -1  1    295424  ultralytics.nn.modules.conv.Conv             [128, 256, 3, 2]              
  8                  -1  1    460288  ultralytics.nn.modules.block.C2f             [256, 256, 1, True]           
  9                  -1  1    164608  ultralytics.nn.modules.block.SPPF            [256, 256, 5]                 
 10                  -1  1         0  torch.nn.modules.upsampling.Upsample         [None, 2, 'nearest']          
 11             [-1, 6]  1         0  ultralytics.nn.modules.conv.Concat           [1]                           
 12                  -1  1    148224  ultralytics.nn.modules.block.C2f             [384, 128, 1]                 
 13                  -1  1         0  torch.nn.modules.upsampling.Upsample         [None, 2, 'nearest']          
 14             [-1, 4]  1         0  ultralytics.nn.modules.conv.Concat           [1]                           
 15                  -1  1     37248  ultralytics.nn.modules.block.C2f             [192, 64, 1]                  
 16                  -1  1     36992  ultralytics.nn.modules.conv.Conv             [64, 64, 3, 2]                
 17            [-1, 12]  1         0  ultralytics.nn.modules.conv.Concat           [1]                           
 18                  -1  1    123648  ultralytics.nn.modules.block.C2f             [192, 128, 1]                 
 19                  -1  1    147712  ultralytics.nn.modules.conv.Conv             [128, 128, 3, 2]              
 20             [-1, 9]  1         0  ultralytics.nn.modules.conv.Concat           [1]                           
 21                  -1  1    493056  ultralytics.nn.modules.block.C2f             [384, 256, 1]                 
 22        [15, 18, 21]  1    752092  ultralytics.nn.modules.head.Detect           [4, 16, None, [64, 128, 256]] 
Model summary: 129 layers, 3,011,628 parameters, 3,011,612 gradients, 8.2 GFLOPs

Transferred 349/355 items from pretrained weights
Freezing layer 'model.22.dfl.conv.weight'
[34m[1mtrain: [0mFast image access  (ping: 0.00.0 ms, read: 578.062.9 MB/s, size: 80.4 KB)

[34m[1mtrain: [0mScanning C:\Users\masat\Documents\GitHub\IE7615-Group3-Project1\data\detection\labels\train.cache... 600 images, 0 backgrounds, 0 corrupt: 100% ━━━━━━━━━━━━ 600/600 139.8Mit/s 0.0s
WARNING cache='ram' may produce non-deterministic training results. Consider cache='disk' as a deterministic alternative if your disk space allows.

[34m[1mtrain: [0mCaching images (0.7GB RAM): 100% ━━━━━━━━━━━━ 600/600 1.6Kit/s 0.4s
[34m[1mval: [0mFast image access  (ping: 0.10.0 ms, read: 535.287.0 MB/s, size: 92.8 KB)

[34m[1mval: [0mScanning C:\Users\masat\Documents\GitHub\IE7615-Group3-Project1\data\detection\labels\val.cache... 200 images, 0 backgrounds, 0 corrupt: 100% ━━━━━━━━━━━━ 200/200 76.3Mit/s 0.0s
WARNING cache='ram' may produce non-deterministic training results. Consider cache='disk' as a deterministic alternative if your disk space allows.

[34m[1mval: [0mCaching images (0.2GB RAM): 100% ━━━━━━━━━━━━ 200/200 1.4Kit/s 0.1s
[34m[1moptimizer:[0m AdamW(lr=0.001, momentum=0.937) with parameter groups 57 weight(decay=0.0), 64 weight(decay=0.0005), 63 bias(decay=0.0)
Using 600 train, 200 val images for fraction=1.0 at imgsz=640
Using 0 dataloader workers
Logging results to [1mC:\Users\masat\Documents\GitHub\IE7615-Group3-Project1\results\milestone3\sweep\runs\aug_light[0m
Starting training for 30 epochs...

      Epoch    GPU_mem   box_loss   cls_loss   dfl_loss  Instances       Size

       1/30      1.05G     0.6454      1.712      1.094         10        640: 100% ━━━━━━━━━━━━ 150/150 2.1it/s 1:13

                 Class     Images  Instances      Box(P          R      mAP50  mAP50-95): 100% ━━━━━━━━━━━━ 25/25 3.9it/s 6.4s
                   all        200        564      0.445      0.634      0.503      0.433

      Epoch    GPU_mem   box_loss   cls_loss   dfl_loss  Instances       Size

       2/30      1.05G     0.5364      1.031       1.01         13        640: 100% ━━━━━━━━━━━━ 150/150 1.3it/s 1:56

                 Class     Images  Instances      Box(P          R      mAP50  mAP50-95): 100% ━━━━━━━━━━━━ 25/25 2.8it/s 9.1s
                   all        200        564      0.558      0.657      0.593       0.49

      Epoch    GPU_mem   box_loss   cls_loss   dfl_loss  Instances       Size

       3/30      1.05G     0.5047      0.782     0.9816          9        640: 100% ━━━━━━━━━━━━ 150/150 1.2it/s 2:04

                 Class     Images  Instances      Box(P          R      mAP50  mAP50-95): 100% ━━━━━━━━━━━━ 25/25 3.2it/s 7.7s
                   all        200        564       0.78      0.791      0.823      0.723

      Epoch    GPU_mem   box_loss   cls_loss   dfl_loss  Instances       Size

       4/30      1.05G      0.458     0.6021     0.9548         14        640: 100% ━━━━━━━━━━━━ 150/150 2.1it/s 1:13

                 Class     Images  Instances      Box(P          R      mAP50  mAP50-95): 100% ━━━━━━━━━━━━ 25/25 4.1it/s 6.0s
                   all        200        564      0.841      0.769      0.853      0.767

      Epoch    GPU_mem   box_loss   cls_loss   dfl_loss  Instances       Size

       5/30      1.05G     0.4396     0.5521     0.9243         11        640: 100% ━━━━━━━━━━━━ 150/150 1.7it/s 1:28

                 Class     Images  Instances      Box(P          R      mAP50  mAP50-95): 100% ━━━━━━━━━━━━ 25/25 3.0it/s 8.3s
                   all        200        564       0.86      0.861      0.921      0.844

      Epoch    GPU_mem   box_loss   cls_loss   dfl_loss  Instances       Size

       6/30      1.05G     0.4406     0.5177     0.9252         10        640: 100% ━━━━━━━━━━━━ 150/150 1.3it/s 2:00

                 Class     Images  Instances      Box(P          R      mAP50  mAP50-95): 100% ━━━━━━━━━━━━ 25/25 2.2it/s 11.4s
                   all        200        564      0.906      0.936      0.964      0.872

      Epoch    GPU_mem   box_loss   cls_loss   dfl_loss  Instances       Size

       7/30      1.05G     0.4211     0.4723     0.9219         11        640: 100% ━━━━━━━━━━━━ 150/150 1.6it/s 1:32

                 Class     Images  Instances      Box(P          R      mAP50  mAP50-95): 100% ━━━━━━━━━━━━ 25/25 4.2it/s 5.9s
                   all        200        564      0.879      0.875      0.939      0.873

      Epoch    GPU_mem   box_loss   cls_loss   dfl_loss  Instances       Size

       8/30      1.05G      0.396     0.4434     0.9053         14        640: 100% ━━━━━━━━━━━━ 150/150 2.1it/s 1:12

                 Class     Images  Instances      Box(P          R      mAP50  mAP50-95): 100% ━━━━━━━━━━━━ 25/25 4.2it/s 6.0s
                   all        200        564      0.941      0.926      0.973      0.907

      Epoch    GPU_mem   box_loss   cls_loss   dfl_loss  Instances       Size

       9/30      1.05G     0.3875     0.4099     0.8982         10        640: 100% ━━━━━━━━━━━━ 150/150 1.5it/s 1:38

                 Class     Images  Instances      Box(P          R      mAP50  mAP50-95): 100% ━━━━━━━━━━━━ 25/25 2.3it/s 10.7s
                   all        200        564      0.931       0.91      0.969      0.908

      Epoch    GPU_mem   box_loss   cls_loss   dfl_loss  Instances       Size

      10/30      1.05G     0.3564     0.3832     0.8818          7        640: 100% ━━━━━━━━━━━━ 150/150 1.2it/s 2:00

                 Class     Images  Instances      Box(P          R      mAP50  mAP50-95): 100% ━━━━━━━━━━━━ 25/25 2.3it/s 11.1s
                   all        200        564      0.897      0.909      0.942      0.886

      Epoch    GPU_mem   box_loss   cls_loss   dfl_loss  Instances       Size

      11/30      1.05G     0.3553     0.3732     0.8724         10        640: 100% ━━━━━━━━━━━━ 150/150 1.7it/s 1:30

                 Class     Images  Instances      Box(P          R      mAP50  mAP50-95): 100% ━━━━━━━━━━━━ 25/25 4.3it/s 5.9s
                   all        200        564      0.895      0.841      0.957      0.892

      Epoch    GPU_mem   box_loss   cls_loss   dfl_loss  Instances       Size

      12/30      1.05G     0.3452      0.347     0.8751         10        640: 100% ━━━━━━━━━━━━ 150/150 2.1it/s 1:12

                 Class     Images  Instances      Box(P          R      mAP50  mAP50-95): 100% ━━━━━━━━━━━━ 25/25 4.2it/s 5.9s
                   all        200        564      0.962      0.916      0.976      0.925

      Epoch    GPU_mem   box_loss   cls_loss   dfl_loss  Instances       Size

      13/30      1.05G     0.3142     0.3183     0.8599         12        640: 100% ━━━━━━━━━━━━ 150/150 1.6it/s 1:35

                 Class     Images  Instances      Box(P          R      mAP50  mAP50-95): 100% ━━━━━━━━━━━━ 25/25 3.0it/s 8.5s
                   all        200        564      0.955      0.908      0.975       0.93

      Epoch    GPU_mem   box_loss   cls_loss   dfl_loss  Instances       Size

      14/30      1.05G     0.3256      0.328     0.8584         11        640: 100% ━━━━━━━━━━━━ 150/150 1.2it/s 2:05

                 Class     Images  Instances      Box(P          R      mAP50  mAP50-95): 100% ━━━━━━━━━━━━ 25/25 2.3it/s 11.0s
                   all        200        564      0.907      0.887      0.937      0.893

      Epoch    GPU_mem   box_loss   cls_loss   dfl_loss  Instances       Size

      15/30      1.05G     0.3019     0.3102     0.8457         10        640: 100% ━━━━━━━━━━━━ 150/150 1.9it/s 1:20

                 Class     Images  Instances      Box(P          R      mAP50  mAP50-95): 100% ━━━━━━━━━━━━ 25/25 4.2it/s 5.9s
                   all        200        564      0.883       0.87      0.919      0.874

      Epoch    GPU_mem   box_loss   cls_loss   dfl_loss  Instances       Size

      16/30      1.05G     0.2942     0.3157     0.8531         13        640: 100% ━━━━━━━━━━━━ 150/150 2.1it/s 1:12

                 Class     Images  Instances      Box(P          R      mAP50  mAP50-95): 100% ━━━━━━━━━━━━ 25/25 4.2it/s 6.0s
                   all        200        564      0.942       0.92      0.977       0.94

      Epoch    GPU_mem   box_loss   cls_loss   dfl_loss  Instances       Size

      17/30      1.05G     0.2865      0.284     0.8472         12        640: 100% ━━━━━━━━━━━━ 150/150 1.4it/s 1:44

                 Class     Images  Instances      Box(P          R      mAP50  mAP50-95): 100% ━━━━━━━━━━━━ 25/25 2.7it/s 9.2s
                   all        200        564      0.954      0.902       0.97      0.926

      Epoch    GPU_mem   box_loss   cls_loss   dfl_loss  Instances       Size

      18/30      1.05G     0.2693     0.2624      0.829         10        640: 100% ━━━━━━━━━━━━ 150/150 1.2it/s 2:02

                 Class     Images  Instances      Box(P          R      mAP50  mAP50-95): 100% ━━━━━━━━━━━━ 25/25 3.1it/s 8.2s
                   all        200        564       0.93      0.914      0.951      0.913

      Epoch    GPU_mem   box_loss   cls_loss   dfl_loss  Instances       Size

      19/30      1.05G     0.2676     0.2574     0.8419         13        640: 100% ━━━━━━━━━━━━ 150/150 2.0it/s 1:15

                 Class     Images  Instances      Box(P          R      mAP50  mAP50-95): 100% ━━━━━━━━━━━━ 25/25 4.2it/s 5.9s
                   all        200        564      0.937      0.916      0.951      0.918

      Epoch    GPU_mem   box_loss   cls_loss   dfl_loss  Instances       Size

      20/30      1.05G     0.2517     0.2406     0.8236         12        640: 100% ━━━━━━━━━━━━ 150/150 2.1it/s 1:12

                 Class     Images  Instances      Box(P          R      mAP50  mAP50-95): 100% ━━━━━━━━━━━━ 25/25 4.2it/s 5.9s
                   all        200        564      0.946      0.905      0.968      0.934

      Epoch    GPU_mem   box_loss   cls_loss   dfl_loss  Instances       Size

      21/30      1.05G     0.2436     0.2295     0.8313         13        640: 100% ━━━━━━━━━━━━ 150/150 1.4it/s 1:50

                 Class     Images  Instances      Box(P          R      mAP50  mAP50-95): 100% ━━━━━━━━━━━━ 25/25 2.7it/s 9.1s
                   all        200        564      0.954      0.935      0.982      0.951

      Epoch    GPU_mem   box_loss   cls_loss   dfl_loss  Instances       Size

      22/30      1.05G     0.2352     0.2236     0.8168         12        640: 100% ━━━━━━━━━━━━ 150/150 1.2it/s 2:05

                 Class     Images  Instances      Box(P          R      mAP50  mAP50-95): 100% ━━━━━━━━━━━━ 25/25 4.1it/s 6.0s
                   all        200        564      0.962      0.946      0.987      0.956

      Epoch    GPU_mem   box_loss   cls_loss   dfl_loss  Instances       Size

      23/30      1.05G     0.2294     0.2097     0.8196         11        640: 100% ━━━━━━━━━━━━ 150/150 2.1it/s 1:12

                 Class     Images  Instances      Box(P          R      mAP50  mAP50-95): 100% ━━━━━━━━━━━━ 25/25 4.2it/s 5.9s
                   all        200        564      0.942      0.951      0.984      0.953

      Epoch    GPU_mem   box_loss   cls_loss   dfl_loss  Instances       Size

      24/30      1.05G     0.2208     0.2064     0.8181         13        640: 100% ━━━━━━━━━━━━ 150/150 2.1it/s 1:13

                 Class     Images  Instances      Box(P          R      mAP50  mAP50-95): 100% ━━━━━━━━━━━━ 25/25 4.2it/s 6.0s
                   all        200        564      0.963       0.95      0.985      0.954

      Epoch    GPU_mem   box_loss   cls_loss   dfl_loss  Instances       Size

      25/30      1.05G     0.2158     0.1989     0.8169          7        640: 100% ━━━━━━━━━━━━ 150/150 1.4it/s 1:46

                 Class     Images  Instances      Box(P          R      mAP50  mAP50-95): 100% ━━━━━━━━━━━━ 25/25 2.8it/s 8.9s
                   all        200        564      0.972       0.95      0.987      0.958

      Epoch    GPU_mem   box_loss   cls_loss   dfl_loss  Instances       Size

      26/30      1.05G     0.2105     0.1925     0.8162         10        640: 100% ━━━━━━━━━━━━ 150/150 1.2it/s 2:05

                 Class     Images  Instances      Box(P          R      mAP50  mAP50-95): 100% ━━━━━━━━━━━━ 25/25 2.3it/s 11.0s
                   all        200        564      0.976      0.944      0.989      0.962

      Epoch    GPU_mem   box_loss   cls_loss   dfl_loss  Instances       Size

      27/30      1.05G     0.2066     0.1891     0.8128          9        640: 100% ━━━━━━━━━━━━ 150/150 2.1it/s 1:13

                 Class     Images  Instances      Box(P          R      mAP50  mAP50-95): 100% ━━━━━━━━━━━━ 25/25 4.2it/s 5.9s
                   all        200        564      0.974      0.956       0.99      0.964

      Epoch    GPU_mem   box_loss   cls_loss   dfl_loss  Instances       Size

      28/30      1.05G     0.2091     0.1899     0.8129         11        640: 100% ━━━━━━━━━━━━ 150/150 2.1it/s 1:13

                 Class     Images  Instances      Box(P          R      mAP50  mAP50-95): 100% ━━━━━━━━━━━━ 25/25 4.2it/s 5.9s
                   all        200        564      0.984      0.949      0.991      0.963

      Epoch    GPU_mem   box_loss   cls_loss   dfl_loss  Instances       Size

      29/30      1.05G      0.199     0.1866     0.8124         13        640: 100% ━━━━━━━━━━━━ 150/150 1.5it/s 1:40

                 Class     Images  Instances      Box(P          R      mAP50  mAP50-95): 100% ━━━━━━━━━━━━ 25/25 2.9it/s 8.5s
                   all        200        564      0.985      0.949      0.991      0.965

      Epoch    GPU_mem   box_loss   cls_loss   dfl_loss  Instances       Size

      30/30      1.05G     0.2004     0.1789     0.8104         11        640: 100% ━━━━━━━━━━━━ 150/150 1.2it/s 2:09

                 Class     Images  Instances      Box(P          R      mAP50  mAP50-95): 100% ━━━━━━━━━━━━ 25/25 2.1it/s 11.9s
                   all        200        564      0.975      0.951       0.99      0.965

30 epochs completed in 0.868 hours.
Optimizer stripped from C:\Users\masat\Documents\GitHub\IE7615-Group3-Project1\results\milestone3\sweep\runs\aug_light\weights\last.pt, 6.5MB
Optimizer stripped from C:\Users\masat\Documents\GitHub\IE7615-Group3-Project1\results\milestone3\sweep\runs\aug_light\weights\best.pt, 6.5MB

Validating C:\Users\masat\Documents\GitHub\IE7615-Group3-Project1\results\milestone3\sweep\runs\aug_light\weights\best.pt...
Ultralytics 8.4.175  Python-3.13.9 torch-2.14.1+cu126 CUDA:0 (NVIDIA GeForce MX150, 2048MiB)
Model summary (fused): 73 layers, 3,133,436 parameters, 0 gradients, 8.6 GFLOPs

                 Class     Images  Instances      Box(P          R      mAP50  mAP50-95): 100% ━━━━━━━━━━━━ 25/25 3.3it/s 7.5s
                   all        200        564      0.985      0.949      0.991      0.965
               id_2336        131        131          1       0.98      0.994      0.972
               id_2970        145        145          1      0.907      0.992      0.957
               id_4422        140        140      0.956      0.957      0.987      0.966
               id_7007        148        148      0.985      0.953      0.992      0.963
Speed: 1.1ms preprocess, 31.1ms inference, 0.0ms loss, 1.3ms postprocess per image
